--------- beginning of main
02-06 22:11:46.361  2146  2349 I Finsky  : [46] Current account updated in PVS
02-06 22:11:46.361  2146  2349 I Finsky  : [46] Current account updated in PVS
02-06 22:11:46.361  2146  2349 I Finsky  : [46] Current account updated in PVS
02-06 22:11:46.361  2501  7927 I Finsky:background: [149] Wrote row to frosting DB: 1105
02-06 22:11:46.361  2501  2501 I Finsky:background: [2] Memory trim requested to level 40
02-06 22:11:46.362  2146  2349 I Finsky  : [46] Current account updated in PVS
02-06 22:11:46.362  1404  1404 I faht    : (REDACTED) O received %s
02-06 22:11:46.364  2501  2547 I Finsky:background: [41] Current account updated in PVS
02-06 22:11:46.364  2146  2349 I Finsky  : [46] Current account updated in PVS
02-06 22:11:46.364  2146  2353 I Finsky  : [50] Current account updated in PVS
02-06 22:11:46.366  2146  2357 I Finsky  : [51] Current account updated in PVS
02-06 22:11:46.375  2146  2434 I PlayCommon: [75] Successfully uploaded logs.
02-06 22:11:46.387  1404  1404 I faht    : (REDACTED) O received %s
02-06 22:11:46.394  2501  7927 I Finsky:background: [149] Wrote row to frosting DB: 1106
02-06 22:11:46.398  2146  2349 I Finsky  : [46] Current account updated in PVS
02-06 22:11:46.398  2146  2357 I Finsky  : [51] Current account updated in PVS
02-06 22:11:46.399  1067  1112 D PackageUpdatedTask: Package updated: mOp=UPDATE packages=[com.nova], user=UserHandle{0}
02-06 22:11:46.400  2146  2357 I Finsky  : [51] Current account updated in PVS
02-06 22:11:46.400  2146  2357 I Finsky  : [51] Current account updated in PVS
02-06 22:11:46.401  2146  2357 I Finsky  : [51] Current account updated in PVS
02-06 22:11:46.401   689   727 I system_server: AssetManager2(0x715eee525838) locale list changing from [] to [en-US]
02-06 22:11:46.408  2146  2357 I Finsky  : [51] Current account updated in PVS
02-06 22:11:46.409  2146  2146 I Finsky  : [2] Memory trim requested to level 40
02-06 22:11:46.409  2146  2146 I Finsky  : [2] Flushing in-memory image cache
02-06 22:11:46.409  2146  2357 I Finsky  : [51] Current account updated in PVS
02-06 22:11:46.409  2146  2357 I Finsky  : [51] Current account updated in PVS
02-06 22:11:46.410  2146  2357 I Finsky  : [51] Current account updated in PVS
02-06 22:11:46.410  2146  2357 I Finsky  : [51] Current account updated in PVS
02-06 22:11:46.410  2146  2357 I Finsky  : [51] Current account updated in PVS
02-06 22:11:46.410  2146  2357 I Finsky  : [51] Current account updated in PVS
02-06 22:11:46.410  2146  2357 I Finsky  : [51] Current account updated in PVS
02-06 22:11:46.411  1385  7957 I AiAiEcho: AppIndexer Package:[com.nova] UserProfile:[0] Enabled:[true].
02-06 22:11:46.411  1385  7957 I AiAiEcho: AppFetcherImplV2 updateApps package:[com.nova], userId:[0], reason:[package is updated.].
02-06 22:11:46.416  2146  2353 I Finsky  : [50] Current account updated in PVS
02-06 22:11:46.416  2146  2353 I Finsky  : [50] Current account updated in PVS
02-06 22:11:46.416   689  1940 V SafetySourceDataValidat: Package: com.android.vending has expected signature
02-06 22:11:46.416   689  1940 V SafetySourceDataValidat: Package: com.android.vending has expected signature
02-06 22:11:46.418  2146  2353 I Finsky  : [50] Current account updated in PVS
02-06 22:11:46.418  2146  2353 I Finsky  : [50] Current account updated in PVS
02-06 22:11:46.419  2146  2353 I Finsky  : [50] Current account updated in PVS
02-06 22:11:46.420  2146  2352 I Finsky  : [49] Current account updated in PVS
02-06 22:11:46.421  2146  2357 I Finsky  : [51] Current account updated in PVS
02-06 22:11:46.422  2501  7927 I Finsky:background: [149] Wrote row to frosting DB: 1107
02-06 22:11:46.423  2146  2352 I Finsky  : [49] Current account updated in PVS
02-06 22:11:46.424  2146  2352 I Finsky  : [49] Current account updated in PVS
02-06 22:11:46.428  2146  2357 I Finsky  : [51] WM::SCH: Logging work initialize for 12-1
02-06 22:11:46.431  2146  2352 I Finsky  : [49] Current account updated in PVS
02-06 22:11:46.432  2146  2352 I Finsky  : [49] Current account updated in PVS
02-06 22:11:46.432  2146  2349 I Finsky  : [46] Current account updated in PVS
02-06 22:11:46.432  2146  2349 I Finsky  : [46] Current account updated in PVS
02-06 22:11:46.432  2146  2349 I Finsky  : [46] Current account updated in PVS
--------- beginning of system
02-06 22:11:46.441  1393  1393 D ActivityThread: Package [com.nova] reported as REPLACED, but missing application info. Assuming REMOVED.
02-06 22:11:46.442  1385  7957 I ogle.android.as: AssetManager2(0x715eee52a978) locale list changing from [] to [en-US]
02-06 22:11:46.443  2146  2416 I Finsky  : [61] SCH: Scheduling phonesky job Id: 12-1, CT: 1770415906280, Constraints: [{ L: 15000, D: 86400000, C: CHARGING_NONE, I: IDLE_NONE, N: NET_ANY, B: BATTERY_ANY }]
02-06 22:11:46.446  2146  2357 I Finsky  : [51] Current account updated in PVS
02-06 22:11:46.446  2146  2352 I Finsky  : [49] Current account updated in PVS
02-06 22:11:46.447  2146  2357 I Finsky  : [51] Current account updated in PVS
02-06 22:11:46.451  1393  1393 D ActivityThread: Package [com.nova] reported as REPLACED, but missing application info. Assuming REMOVED.
02-06 22:11:46.455  2146  2349 I Finsky  : [46] WM::SCH: Logging work initialize for 12-1
02-06 22:11:46.456  2146  2417 I Finsky  : [62] SCH: Scheduling 1 system job(s)
02-06 22:11:46.463  2146  2357 I Finsky  : [51] Current account updated in PVS
02-06 22:11:46.463  2146  2353 I Finsky  : [50] Current account updated in PVS
02-06 22:11:46.464  2146  2353 I Finsky  : [50] Current account updated in PVS
02-06 22:11:46.464  2146  2353 I Finsky  : [50] Current account updated in PVS
02-06 22:11:46.464  2146  2353 I Finsky  : [50] Current account updated in PVS
02-06 22:11:46.464  2146  2417 I Finsky  : [62] SCH: Scheduling system job Id: 9048, L: 14824, D: 68811417, C: false, I: false, N: 1
02-06 22:11:46.467   689   727 I system_server: AssetManager2(0x715eee529cf8) locale list changing from [] to [en-US]
02-06 22:11:46.474   689   727 I system_server: AssetManager2(0x715eee5283f8) locale list changing from [] to [en-US]
02-06 22:11:46.477   689   727 I system_server: AssetManager2(0x715eee5332f8) locale list changing from [] to [en-US]
02-06 22:11:46.533  1067  1619 W HWUI    : Failed to choose config with EGL_SWAP_BEHAVIOR_PRESERVED, retrying without...
02-06 22:11:46.533  1067  1619 W HWUI    : Failed to initialize 101010-2 format, error = EGL_SUCCESS
02-06 22:11:46.574  1067  1112 W HWUI    : Image decoding logging dropped!
02-06 22:11:46.574  1067  1112 D AlphabeticIndexCompat: computeSectionName: cs: AetherEmu sectionName: A
02-06 22:11:46.575  1067  1067 D AllAppsStore: setApps: apps.length=20
02-06 22:11:46.575  1067  1067 D AllAppsStore: notifyUpdate: notifying listeners
02-06 22:11:46.575  1067  1067 D ActivityAllAppsContainerView: onAppsUpdated; number of apps: 20
02-06 22:11:46.575  1067  1067 D ActivityAllAppsContainerView: rebindAdapters: force: false
02-06 22:11:46.575  1067  1067 D ActivityAllAppsContainerView: rebindAdapters: Not needed.
02-06 22:11:46.575  1067  1067 D StatsLog: LAUNCHER_ALLAPPS_COUNT
02-06 22:11:46.575  1067  1067 D AlphabeticalAppsList: Clearing FastScrollerSections.
02-06 22:11:46.576  1067  1067 D AlphabeticalAppsList: Adding apps with sections. HasPrivateApps: false
02-06 22:11:46.576  1067  1067 D AlphabeticalAppsList: addAppsWithSections: adding sectionName: A with appInfoTitle: AetherEmu
02-06 22:11:46.576  1067  1067 D AlphabeticalAppsList: addAppsWithSections: adding sectionName: C with appInfoTitle: Calendar
02-06 22:11:46.576  1067  1067 D AlphabeticalAppsList: addAppsWithSections: adding sectionName: D with appInfoTitle: Drive
02-06 22:11:46.576  1067  1067 D AlphabeticalAppsList: addAppsWithSections: adding sectionName: F with appInfoTitle: Files
02-06 22:11:46.576  1067  1067 D AlphabeticalAppsList: addAppsWithSections: adding sectionName: G with appInfoTitle: Gmail
02-06 22:11:46.576  1067  1067 D AlphabeticalAppsList: addAppsWithSections: adding sectionName: M with appInfoTitle: Maps
02-06 22:11:46.576  1067  1067 D AlphabeticalAppsList: addAppsWithSections: adding sectionName: P with appInfoTitle: Phone
02-06 22:11:46.576  1067  1067 D AlphabeticalAppsList: addAppsWithSections: adding sectionName: S with appInfoTitle: Safety
02-06 22:11:46.576  1067  1067 D AlphabeticalAppsList: addAppsWithSections: adding sectionName: T with appInfoTitle: TMoble
02-06 22:11:46.576  1067  1067 D AlphabeticalAppsList: addAppsWithSections: adding sectionName: Y with appInfoTitle: YouTube
02-06 22:11:46.576  1067  1067 D AlphabeticalAppsList: Adding FastScrollSection duplicate to scroll to the bottom.
02-06 22:11:46.576  1067  1067 D AlphabeticalAppsList: Clearing FastScrollerSections.
02-06 22:11:46.576  1067  1067 D AlphabeticalAppsList: Adding apps with sections. HasPrivateApps: false
02-06 22:11:46.576  1067  1067 D AlphabeticalAppsList: addAppsWithSections: adding sectionName: A with appInfoTitle: AetherEmu
02-06 22:11:46.576  1067  1067 D AlphabeticalAppsList: addAppsWithSections: adding sectionName: C with appInfoTitle: Calendar
02-06 22:11:46.576  1067  1067 D AlphabeticalAppsList: addAppsWithSections: adding sectionName: D with appInfoTitle: Drive
02-06 22:11:46.576  1067  1067 D AlphabeticalAppsList: addAppsWithSections: adding sectionName: F with appInfoTitle: Files
02-06 22:11:46.576  1067  1067 D AlphabeticalAppsList: addAppsWithSections: adding sectionName: G with appInfoTitle: Gmail
02-06 22:11:46.576  1067  1067 D AlphabeticalAppsList: addAppsWithSections: adding sectionName: M with appInfoTitle: Maps
02-06 22:11:46.576  1067  1067 D AlphabeticalAppsList: addAppsWithSections: adding sectionName: P with appInfoTitle: Phone
02-06 22:11:46.576  1067  1067 D AlphabeticalAppsList: addAppsWithSections: adding sectionName: S with appInfoTitle: Safety
02-06 22:11:46.576  1067  1067 D AlphabeticalAppsList: addAppsWithSections: adding sectionName: T with appInfoTitle: TMoble
02-06 22:11:46.576  1067  1067 D AlphabeticalAppsList: addAppsWithSections: adding sectionName: Y with appInfoTitle: YouTube
02-06 22:11:46.576  1067  1067 D AlphabeticalAppsList: Adding FastScrollSection duplicate to scroll to the bottom.
02-06 22:11:46.580  2146  2353 I Finsky  : [50] [ContentSync] finished, scheduled=true
02-06 22:11:46.581   689  2051 W ActivityTaskManager: callingPackage for (uid=2000, pid=7971) has no WPC
02-06 22:11:46.581  2146  2357 I Finsky  : [51] Current account updated in PVS
02-06 22:11:46.582  2146  2416 I Finsky  : [61] SCH: Scheduling phonesky job Id: 12-1, CT: 1770415906213, Constraints: [{ L: 15000, D: 86400000, C: CHARGING_NONE, I: IDLE_NONE, N: NET_ANY, B: BATTERY_ANY }]
02-06 22:11:46.582   689  2051 V GrammaticalInflectionUtils: AttributionSource: android.content.AttributionSource@6fc3949 does not have READ_SYSTEM_GRAMMATICAL_GENDER permission.
02-06 22:11:46.583   689  2051 W OptProp : Cannot read opt property android.window.PROPERTY_COMPAT_ALLOW_USER_ASPECT_RATIO_OVERRIDE
02-06 22:11:46.583   689  2051 W OptProp : Cannot read opt property android.window.PROPERTY_COMPAT_ALLOW_USER_ASPECT_RATIO_FULLSCREEN_OVERRIDE
02-06 22:11:46.585   689  2051 W OptProp : Cannot read opt property android.window.PROPERTY_COMPAT_ALLOW_RESIZEABLE_ACTIVITY_OVERRIDES
02-06 22:11:46.586   689  2051 W OptProp : Cannot read opt property android.window.PROPERTY_COMPAT_ALLOW_MIN_ASPECT_RATIO_OVERRIDE
02-06 22:11:46.588  2146  2417 I Finsky  : [62] SCH: Scheduling 1 system job(s)
02-06 22:11:46.588  2146  2417 I Finsky  : [62] SCH: Scheduling system job Id: 9048, L: 14625, D: 68811285, C: false, I: false, N: 1
02-06 22:11:46.591   689  2051 W OptProp : Cannot read opt property android.window.PROPERTY_COMPAT_ALLOW_ORIENTATION_OVERRIDE
02-06 22:11:46.593  1201  7961 I Fitness : (REDACTED) FitCleanupIntentOperation received Intent %s
02-06 22:11:46.593  1067  1067 D BaseAllAppsAdapter: onBindViewHolder: isPrivateSpaceItem: false isStateTransitioning: false isScrolling: false readyToAnimate: false currentState: 0 currentAlpha: 1.0
02-06 22:11:46.593  1067  1067 D BaseAllAppsAdapter: onBindViewHolder: isPrivateSpaceItem: false isStateTransitioning: false isScrolling: false readyToAnimate: false currentState: 0 currentAlpha: 1.0
02-06 22:11:46.594  1067  1067 D BaseAllAppsAdapter: onBindViewHolder: isPrivateSpaceItem: false isStateTransitioning: false isScrolling: false readyToAnimate: false currentState: 0 currentAlpha: 1.0
02-06 22:11:46.594  1067  1067 D BaseAllAppsAdapter: onBindViewHolder: isPrivateSpaceItem: false isStateTransitioning: false isScrolling: false readyToAnimate: false currentState: 0 currentAlpha: 1.0
02-06 22:11:46.594  1067  1067 D BaseAllAppsAdapter: onBindViewHolder: isPrivateSpaceItem: false isStateTransitioning: false isScrolling: false readyToAnimate: false currentState: 0 currentAlpha: 1.0
02-06 22:11:46.594  1067  1067 D BaseAllAppsAdapter: onBindViewHolder: isPrivateSpaceItem: false isStateTransitioning: false isScrolling: false readyToAnimate: false currentState: 0 currentAlpha: 1.0
02-06 22:11:46.594  1067  1067 D BaseAllAppsAdapter: onBindViewHolder: isPrivateSpaceItem: false isStateTransitioning: false isScrolling: false readyToAnimate: false currentState: 0 currentAlpha: 1.0
02-06 22:11:46.594  1067  1067 D BaseAllAppsAdapter: onBindViewHolder: isPrivateSpaceItem: false isStateTransitioning: false isScrolling: false readyToAnimate: false currentState: 0 currentAlpha: 1.0
02-06 22:11:46.595  1067  1067 D BaseAllAppsAdapter: onBindViewHolder: isPrivateSpaceItem: false isStateTransitioning: false isScrolling: false readyToAnimate: false currentState: 0 currentAlpha: 1.0
02-06 22:11:46.595  1067  1067 D BaseAllAppsAdapter: onBindViewHolder: isPrivateSpaceItem: false isStateTransitioning: false isScrolling: false readyToAnimate: false currentState: 0 currentAlpha: 1.0
02-06 22:11:46.595  1067  1067 D BaseAllAppsAdapter: onBindViewHolder: isPrivateSpaceItem: false isStateTransitioning: false isScrolling: false readyToAnimate: false currentState: 0 currentAlpha: 1.0
02-06 22:11:46.596  1067  1067 D BaseAllAppsAdapter: onBindViewHolder: isPrivateSpaceItem: false isStateTransitioning: false isScrolling: false readyToAnimate: false currentState: 0 currentAlpha: 1.0
02-06 22:11:46.596  1067  1067 D BaseAllAppsAdapter: onBindViewHolder: isPrivateSpaceItem: false isStateTransitioning: false isScrolling: false readyToAnimate: false currentState: 0 currentAlpha: 1.0
02-06 22:11:46.596  1067  1067 D BaseAllAppsAdapter: onBindViewHolder: isPrivateSpaceItem: false isStateTransitioning: false isScrolling: false readyToAnimate: false currentState: 0 currentAlpha: 1.0
02-06 22:11:46.596  1067  1067 D BaseAllAppsAdapter: onBindViewHolder: isPrivateSpaceItem: false isStateTransitioning: false isScrolling: false readyToAnimate: false currentState: 0 currentAlpha: 1.0
02-06 22:11:46.597  1067  1067 D BaseAllAppsAdapter: onBindViewHolder: isPrivateSpaceItem: false isStateTransitioning: false isScrolling: false readyToAnimate: false currentState: 0 currentAlpha: 1.0
02-06 22:11:46.597  1067  1067 D BaseAllAppsAdapter: onBindViewHolder: isPrivateSpaceItem: false isStateTransitioning: false isScrolling: false readyToAnimate: false currentState: 0 currentAlpha: 1.0
02-06 22:11:46.598  1067  1067 D BaseAllAppsAdapter: onBindViewHolder: isPrivateSpaceItem: false isStateTransitioning: false isScrolling: false readyToAnimate: false currentState: 0 currentAlpha: 1.0
02-06 22:11:46.598  1067  1067 D BaseAllAppsAdapter: onBindViewHolder: isPrivateSpaceItem: false isStateTransitioning: false isScrolling: false readyToAnimate: false currentState: 0 currentAlpha: 1.0
02-06 22:11:46.598   946  1113 I ndroid.systemui: AssetManager2(0x715eee511fb8) locale list changing from [] to [en-US]
02-06 22:11:46.598  1067  1067 D BaseAllAppsAdapter: onBindViewHolder: isPrivateSpaceItem: false isStateTransitioning: false isScrolling: false readyToAnimate: false currentState: 0 currentAlpha: 1.0
02-06 22:11:46.598   689  1926 D CompatChangeReporter: Compat change id reported: 377864165; UID 10219; state: ENABLED
02-06 22:11:46.606   551   625 I BpBinder: onLastStrongRef automatically unlinking death recipients: 
02-06 22:11:46.619   607   683 W IPCThreadState: Sending oneway calls to frozen process.
02-06 22:11:46.627  2146  2151 W android.vending: Reducing the number of considered missed Gc histogram windows from 196 to 100
02-06 22:11:46.629   689  2051 I ActivityTaskManager: START u0 {flg=0x10000000 xflg=0x5 cmp=com.nova/.MainActivity} with LAUNCH_SINGLE_TASK from uid 2000 (BAL_ALLOW_PERMISSION) result code=0
02-06 22:11:46.630   946  1042 V WindowManagerShell: Transition requested (#47): android.os.BinderProxy@d8fca01 TransitionRequestInfo { type = OPEN, triggerTask = TaskInfo{userId=0 taskId=201 effectiveUid=10219 displayId=0 isRunning=true baseIntent=Intent { flg=0x10000000 cmp=com.nova/.MainActivity } baseActivity=ComponentInfo{com.nova/com.nova.MainActivity} topActivity=ComponentInfo{com.nova/com.nova.MainActivity} origActivity=null realActivity=ComponentInfo{com.nova/com.nova.MainActivity} numActivities=1 lastActiveTime=7801069 supportsMultiWindow=true resizeMode=2 isResizeable=true minWidth=-1 minHeight=-1 defaultMinSize=220 token=WCT{android.window.IWindowContainerToken$Stub$Proxy@38b80a6} topActivityType=1 pictureInPictureParams=null shouldDockBigOverlays=false launchIntoPipHostTaskId=-1 lastParentTaskIdBeforePip=-1 displayCutoutSafeInsets=Rect(0, 0 - 0, 0) topActivityInfo=ActivityInfo{9fc8ae7 com.nova.MainActivity} launchCookies=[] positionInParent=Point(0, 0) parentTaskId=-1 isFocused=false isVisible=false isVisibleRequested=false isTopActivityNoDisplay=false isSleeping=false locusId=null displayAreaFeatureId=1 isTopActivityTransparent=false isActivityStackTransparent=false lastNonFullscreenBounds=Rect(269, 600 - 812, 1680) capturedLink=null capturedLinkTimestamp=0 requestedVisibleTypes=-9 topActivityRequestOpenInBrowserEducationTimestamp=0 appCompatTaskInfo=AppCompatTaskInfo { topActivityInSizeCompat=false eligibleForLetterboxEducation= false isLetterboxEducationEnabled= true isLetterboxDoubleTapEnabled= false eligibleForUserAspectRatioButton= false topActivityBoundsLetterboxed= false isFromLetterboxDoubleTap= false topActivityLetterboxVerticalPosition= -1 topActivityLetterboxHorizontalPosition= -1 topActivityLetterboxWidth=-1 topActivityLetterboxHeight=-1 topActivityAppBounds=Rect(0, 0 - 1080, 2280) isUserFullscreenOverrideEnabled=false isSystemFullscreenOverrideEnabled=false hasMinAspectRatioOverride=false topActivityLetterboxBounds=null cameraCompatTaskInfo=CameraCompatTaskInfo { freeformCameraCompatMode=inactive}} topActivityMainWindowFrame=null}, pipChange = null, remoteTransition = null, displayChange = null, flags = 0, debugId = 47 }
02-06 22:11:46.630   946  1042 D ShellSplitScreen: logExit: no-op, mLoggerSessionId is null
02-06 22:11:46.632  1067  1067 W SplitSelectStateCtor: Missing session instanceIds
02-06 22:11:46.632  1067  1067 D StatsLog: LAUNCHER_SPLIT_SELECTION_EXIT_INTERRUPTED
02-06 22:11:46.642   551   551 I BpBinder: onLastStrongRef automatically unlinking death recipients: 
02-06 22:11:46.650  1694  1964 W achh    : Abort, client detached.
02-06 22:11:46.650  1694  1964 W achh    : Abort, client detached.
02-06 22:11:46.663  1393  7981 I gle.android.gms: AssetManager2(0x715eee4dab58) locale list changing from [] to [en-US]
02-06 22:11:46.670  1393  7984 I Auth    : (REDACTED) [SupervisedAccountIntentOperation] onHandleIntent: %s
02-06 22:11:46.714   689   722 V GrammaticalInflectionUtils: AttributionSource: android.content.AttributionSource@6fc3949 does not have READ_SYSTEM_GRAMMATICAL_GENDER permission.
02-06 22:11:46.720   689   710 I system_server: Background concurrent mark compact GC freed 21MB AllocSpace bytes, 34(800KB) LOS objects, 42% free, 32MB/56MB, paused 17.952ms,3.517ms total 927.329ms
02-06 22:11:46.726  2146  2357 I Finsky  : [51] [ContentSync] finished, scheduled=true
02-06 22:11:46.727  2146  2352 I Finsky  : [49] Current account updated in PVS
02-06 22:11:46.734  1393  7996 W SQLiteLog: (28) double-quoted string literal: "com.nova"
02-06 22:11:46.735   689   897 D BackgroundInstallControlService: Package event received: 0
02-06 22:11:46.740  1393  7966 I gle.android.gms: AssetManager2(0x715eee4db7d8) locale list changing from [] to [en-US]
02-06 22:11:46.758  1393  7984 I NearbyDiscovery: (REDACTED) processGrantSlicePermission: %s
02-06 22:11:46.760   689   712 W System  : A resource failed to call close. 
02-06 22:11:46.763   477   477 D Zygote  : Forked child process 8001
02-06 22:11:46.764   946  1763 V WindowManagerShell: onTransitionReady(transaction=2959232468970)
02-06 22:11:46.765   689   719 V WindowManager: Sent Transition (#47) createdAt=02-06 22:11:46.586 via request=TransitionRequestInfo { type = OPEN, triggerTask = TaskInfo{userId=0 taskId=201 effectiveUid=10219 displayId=0 isRunning=true baseIntent=Intent { flg=0x10000000 cmp=com.nova/.MainActivity } baseActivity=ComponentInfo{com.nova/com.nova.MainActivity} topActivity=ComponentInfo{com.nova/com.nova.MainActivity} origActivity=null realActivity=ComponentInfo{com.nova/com.nova.MainActivity} numActivities=1 lastActiveTime=7801069 supportsMultiWindow=true resizeMode=2 isResizeable=true minWidth=-1 minHeight=-1 defaultMinSize=220 token=WCT{RemoteToken{2e91d5b Task{25c1575 #201 type=standard A=10219:com.nova}}} topActivityType=1 pictureInPictureParams=null shouldDockBigOverlays=false launchIntoPipHostTaskId=-1 lastParentTaskIdBeforePip=-1 displayCutoutSafeInsets=Rect(0, 0 - 0, 0) topActivityInfo=ActivityInfo{39569f8 com.nova.MainActivity} launchCookies=[] positionInParent=Point(0, 0) parentTaskId=-1 isFocused=false isVisible=false isVisibleRequested=false isTopActivityNoDisplay=false isSleeping=false locusId=null displayAreaFeatureId=1 isTopActivityTransparent=false isActivityStackTransparent=false lastNonFullscreenBounds=Rect(269, 600 - 812, 1680) capturedLink=null capturedLinkTimestamp=0 requestedVisibleTypes=-9 topActivityRequestOpenInBrowserEducationTimestamp=0 appCompatTaskInfo=AppCompatTaskInfo { topActivityInSizeCompat=false eligibleForLetterboxEducation= false isLetterboxEducationEnabled= true isLetterboxDoubleTapEnabled= false eligibleForUserAspectRatioButton= false topActivityBoundsLetterboxed= false isFromLetterboxDoubleTap= false topActivityLetterboxVerticalPosition= -1 topActivityLetterboxHorizontalPosition= -1 topActivityLetterboxWidth=-1 topActivityLetterboxHeight=-1 topActivityAppBounds=Rect(0, 0 - 1080, 2280) isUserFullscreenOverrideEnabled=false isSystemFullscreenOverrideEnabled=false hasMinAspectRatioOverride=false topActivityLetterboxBounds=null cameraCompatTaskInfo=CameraCompatTaskInfo { freeformCameraCompatMode=inactive}} topActivityMainWindowFrame=null}, pipChange = null, remoteTransition = null, displayChange = null, flags = 0, debugId = 47 }
02-06 22:11:46.765   689   719 V WindowManager:     startWCT=WindowContainerTransaction { changes= {} hops= [] errorCallbackToken=null taskFragmentOrganizer=null }
02-06 22:11:46.765   689   719 V WindowManager:     info={id=47 t=OPEN f=0x0 trk=0 r=[0@Point(0, 0)] c=[
02-06 22:11:46.765   689   719 V WindowManager:         {WCT{RemoteToken{2e91d5b Task{25c1575 #201 type=standard A=10219:com.nova}}} m=OPEN f=NONE leash=Surface(name=Task=201)/@0x276fc3f sb=Rect(0, 0 - 1080, 2280) eb=Rect(0, 0 - 1080, 2280) epz=Point(1080, 2280) d=0 taskParent=-1},
02-06 22:11:46.765   689   719 V WindowManager:         {WCT{RemoteToken{8744ac9 Task{3b98312 #1 type=home}}} m=TO_BACK f=SHOW_WALLPAPER leash=Surface(name=Task=1)/@0xd46fcb8 sb=Rect(0, 0 - 1080, 2280) eb=Rect(0, 0 - 1080, 2280) epz=Point(1080, 2280) d=0 taskParent=-1},
02-06 22:11:46.765   689   719 V WindowManager:         {m=TO_BACK f=IS_WALLPAPER leash=Surface(name=WallpaperWindowToken{d1dda08 showWhenLocked=false})/@0x46e431b sb=Rect(0, 0 - 1080, 2280) eb=Rect(0, 0 - 1080, 2280) epz=Point(1080, 2280) d=0}
02-06 22:11:46.765   689   719 V WindowManager:     ]}
02-06 22:11:46.766   946  1042 V WindowManagerShell: onTransitionReady (#47) android.os.BinderProxy@d8fca01: {id=47 t=OPEN f=0x0 trk=0 r=[0@Point(0, 0)] c=[
02-06 22:11:46.766   946  1042 V WindowManagerShell:         {m=OPEN f=NONE leash=Surface(name=Task=201)/@0xbe7442c sb=Rect(0, 0 - 1080, 2280) eb=Rect(0, 0 - 1080, 2280) epz=Point(1080, 2280) d=0 taskParent=-1},
02-06 22:11:46.766   946  1042 V WindowManagerShell:         {m=TO_BACK f=SHOW_WALLPAPER leash=Surface(name=Task=1)/@0xe459ef5 sb=Rect(0, 0 - 1080, 2280) eb=Rect(0, 0 - 1080, 2280) epz=Point(1080, 2280) d=0 taskParent=-1},
02-06 22:11:46.766   946  1042 V WindowManagerShell:         {m=TO_BACK f=IS_WALLPAPER leash=Surface(name=WallpaperWindowToken{d1dda08 showWhenLocked=false})/@0x91848a sb=Rect(0, 0 - 1080, 2280) eb=Rect(0, 0 - 1080, 2280) epz=Point(1080, 2280) d=0}
02-06 22:11:46.766   946  1042 V WindowManagerShell:     ]}
02-06 22:11:46.771   946  1042 V WindowManagerShell: Playing animation for (#47) android.os.BinderProxy@d8fca01@0
02-06 22:11:46.772   946  1042 V ShellRecents: RecentsTransitionHandler.startAnimation: no controller found
02-06 22:11:46.772   946  1042 V WindowManagerShell: Transition doesn't have explicit remote, search filters for match for {id=47 t=OPEN f=0x0 trk=0 r=[0@Point(0, 0)] c=[{m=OPEN f=NONE leash=Surface(name=Task=201)/@0xbe7442c sb=Rect(0, 0 - 1080, 2280) eb=Rect(0, 0 - 1080, 2280) epz=Point(1080, 2280) d=0 taskParent=-1},{m=TO_BACK f=SHOW_WALLPAPER leash=Surface(name=Task=1)/@0xe459ef5 sb=Rect(0, 0 - 1080, 2280) eb=Rect(0, 0 - 1080, 2280) epz=Point(1080, 2280) d=0 taskParent=-1},{m=TO_BACK f=IS_WALLPAPER leash=Surface(name=WallpaperWindowToken{d1dda08 showWhenLocked=false})/@0x91848a sb=Rect(0, 0 - 1080, 2280) eb=Rect(0, 0 - 1080, 2280) epz=Point(1080, 2280) d=0}]}
02-06 22:11:46.772   946  1042 V WindowManagerShell:  Checking filter Pair{{types=[] flags=0x0] notFlags=0x0 checks=[{atype=undefined independent=true modes=[CLOSE,TO_BACK] flags=IN_TASK_WITH_EMBEDDED_ACTIVITY mustBeTask=false order=ANY topActivity=null launchCookie=null taskFragmentToken=android.os.BinderProxy@dfe790b windowingMode=undefined}]} RemoteTransition { remoteTransition = android.window.IRemoteTransition$Stub$Proxy@7bd13e8, appThread = android.app.IApplicationThread$Stub$Proxy@5025a01, debugName = overlayBackTransition }}
02-06 22:11:46.772   946  1042 V WindowManagerShell:  Checking filter Pair{{types=[] flags=0x0] notFlags=0x0 checks=[{atype=dream independent=true modes=[OPEN,TO_FRONT] flags=NONE mustBeTask=false order=ANY topActivity=null launchCookie=null windowingMode=undefined},{atype=home independent=true modes=[CLOSE,TO_BACK] flags=NONE mustBeTask=false order=ANY topActivity=null launchCookie=null windowingMode=undefined}]} RemoteTransition { remoteTransition = android.window.IRemoteTransition$Stub$Proxy@732d0a6, appThread = android.app.IApplicationThread$Stub$Proxy@2999ae7, debugName = LauncherToDream }}
02-06 22:11:46.779  1393  1393 D BoundBrokerSvc: onBind: Intent { act=com.google.android.gms.common.BIND_SHARED_PREFS xflg=0x4 pkg=com.google.android.gms }
02-06 22:11:46.779  1393  1393 D BoundBrokerSvc: Loading bound service for intent: Intent { act=com.google.android.gms.common.BIND_SHARED_PREFS xflg=0x4 pkg=com.google.android.gms }
02-06 22:11:46.781  1201  7961 I ProximityAuth: [RecentAppsMediator] Package added: (user=UserHandle{0}) com.nova
02-06 22:11:46.782   946  1042 V WindowManagerShell:  Checking filter Pair{{types=[] flags=0x0] notFlags=0x100 checks=[{atype=home independent=true modes=[OPEN,TO_FRONT] flags=NONE mustBeTask=false order=TOP topActivity=ComponentInfo{com.google.android.apps.nexuslauncher/com.google.android.apps.nexuslauncher.NexusLauncherActivity} launchCookie=null windowingMode=undefined},{atype=standard independent=true modes=[CLOSE,TO_BACK] flags=NONE mustBeTask=false order=ANY topActivity=null launchCookie=null windowingMode=undefined},{NOT atype=undefined independent=true modes=[] flags=NONE mustBeTask=true order=ANY topActivity=null launchCookie=null customAnim=true windowingMode=undefined}]} RemoteTransition { remoteTransition = android.window.IRemoteTransition$Stub$Proxy@e438694, appThread = android.app.IApplicationThread$Stub$Proxy@39953d, debugName = QuickstepLaunchHome }}
02-06 22:11:46.782   946  1042 V WindowManagerShell:  Delegate animation for (#47) to null
02-06 22:11:46.782   946  1042 V WindowManagerShell: start default transition animation, info = {id=47 t=OPEN f=0x0 trk=0 r=[0@Point(0, 0)] c=[{m=OPEN f=NONE leash=Surface(name=Task=201)/@0xbe7442c sb=Rect(0, 0 - 1080, 2280) eb=Rect(0, 0 - 1080, 2280) epz=Point(1080, 2280) d=0 taskParent=-1},{m=TO_BACK f=SHOW_WALLPAPER leash=Surface(name=Task=1)/@0xe459ef5 sb=Rect(0, 0 - 1080, 2280) eb=Rect(0, 0 - 1080, 2280) epz=Point(1080, 2280) d=0 taskParent=-1},{m=TO_BACK f=IS_WALLPAPER leash=Surface(name=WallpaperWindowToken{d1dda08 showWhenLocked=false})/@0x91848a sb=Rect(0, 0 - 1080, 2280) eb=Rect(0, 0 - 1080, 2280) epz=Point(1080, 2280) d=0}]}
02-06 22:11:46.782   946  1042 V WindowManagerShell: loadAnimation: anim=android.view.animation.AnimationSet@29e3571 animAttr=0x13 type=OPEN isEntrance=false
02-06 22:11:46.783  1694  1964 W achh    : Abort, client detached.
02-06 22:11:46.784  1201  7961 I .gms.persistent: AssetManager2(0x715eee4e1bd8) locale list changing from [] to [en-US]
02-06 22:11:46.784  8001  8001 I com.nova: Late-enabling -Xcheck:jni
02-06 22:11:46.785   946  1042 V WindowManagerShell: loadAnimation: anim=android.view.animation.AnimationSet@80b5f56 animAttr=0x12 type=OPEN isEntrance=true
02-06 22:11:46.786   946  1042 V WindowManagerShell:  animated by com.android.wm.shell.transition.DefaultTransitionHandler@75bdab4
02-06 22:11:46.787   689   729 W ActivityManager: Slow operation: 73ms so far, now at startProcess: done updating battery stats
02-06 22:11:46.787   689   729 W ActivityManager: Slow operation: 73ms so far, now at startProcess: building log message
02-06 22:11:46.787   689   729 I ActivityManager: Start proc 8001:com.nova/u0a219 for next-top-activity {com.nova/com.nova.MainActivity}
02-06 22:11:46.787   689   729 W ActivityManager: Slow operation: 73ms so far, now at startProcess: starting to update pids map
02-06 22:11:46.788   689   729 I ActivityManager: ProcessObserver broadcast disabled
02-06 22:11:46.788   689   729 W ActivityManager: Slow operation: 73ms so far, now at startProcess: done updating pids map
02-06 22:11:46.793  1201  7961 I FontLog : (REDACTED) Package %s has no metadata
02-06 22:11:46.800  8001  8001 I com.nova: Using CollectorTypeCMC GC.
02-06 22:11:46.800  8001  8001 W com.nova: Unexpected CPU variant for x86: x86_64.
02-06 22:11:46.800  8001  8001 W com.nova: Known variants: atom, sandybridge, silvermont, goldmont, goldmont-plus, goldmont-without-sha-xsaves, tremont, kabylake, alderlake, default
02-06 22:11:46.805   558   573 I adbd    : jdwp connection from 8001
02-06 22:11:46.806  8001  8001 D nativeloader: Load libframework-connectivity-tiramisu-jni.so using APEX ns com_android_tethering for caller /apex/com.android.tethering/javalib/framework-connectivity-t.jar: ok
02-06 22:11:46.815   689   897 D BackgroundInstallControlService: Package event received: 0
02-06 22:11:46.847  1393  4016 I Icing   : IndexChimeraService.getServiceInterface callingPackage=com.google.android.gms componentName=AppsCorpus serviceId=36
02-06 22:11:46.855  1393  1393 D BoundBrokerSvc: onBind: Intent { act=com.google.android.gms.feedback.internal.IFeedbackService dat=chimera-action:/... xflg=0x4 cmp=com.google.android.gms/.chimera.GmsBoundBrokerService }
02-06 22:11:46.855  1393  1393 D BoundBrokerSvc: Loading bound service for intent: Intent { act=com.google.android.gms.feedback.internal.IFeedbackService dat=chimera-action:/... xflg=0x4 cmp=com.google.android.gms/.chimera.GmsBoundBrokerService }
02-06 22:11:46.876   689  1925 E AppOps  : attributionTag VCN not declared in manifest of android
02-06 22:11:46.892  1393  6679 I gle.android.gms: Explicit concurrent mark compact GC freed 4746KB AllocSpace bytes, 21(1820KB) LOS objects, 25% free, 12MB/16MB, paused 1.345ms,1.982ms total 459.849ms
02-06 22:11:46.892  1393  6679 W gle.android.gms: Reducing the number of considered missed Gc histogram windows from 196 to 100
02-06 22:11:46.892  1393  1407 I gle.android.gms: WaitForGcToComplete blocked Background on Explicit for 198.004ms
02-06 22:11:46.898   689   897 D BackgroundInstallControlService: Package event received: 0
02-06 22:11:46.914  1393  1584 I Icing   : IndexChimeraService.getServiceInterface callingPackage=com.google.android.gms componentName=null serviceId=30
02-06 22:11:46.923  1393  6685 I gle.android.gms: AssetManager2(0x715eee4db7d8) locale list changing from [] to [en-US]
02-06 22:11:46.931  1393  6685 I Icing   : Usage reports ok 1, Failed Usage reports 0, indexed 0, rejected 0
02-06 22:11:46.957  1393  6685 I Icing   : Usage reports ok 0, Failed Usage reports 0, indexed 0, rejected 0
02-06 22:11:46.973  1393  6685 I Icing   : Indexing com.google.android.gms-apps from com.google.android.gms
02-06 22:11:46.978  8001  8001 D nativeloader: Configuring clns-9 for other apk /data/app/~~HC9C0uyVpj6yvgWuiNv11g==/com.nova-gTr-SWZHjGeEvr4RRn9y6A==/base.apk. target_sdk_version=36, uses_libraries=, library_path=/data/app/~~HC9C0uyVpj6yvgWuiNv11g==/com.nova-gTr-SWZHjGeEvr4RRn9y6A==/lib/x86_64:/data/app/~~HC9C0uyVpj6yvgWuiNv11g==/com.nova-gTr-SWZHjGeEvr4RRn9y6A==/base.apk!/lib/x86_64, permitted_path=/data:/mnt/expand:/data/user/0/com.nova
02-06 22:11:46.980  8001  8001 I com.nova: AssetManager2(0x715eee4d1238) locale list changing from [] to [en-US]
02-06 22:11:46.983  1393  6685 I Icing   : Indexing done com.google.android.gms-apps
02-06 22:11:46.984  1393  6685 I Icing   : Indexing com.google.android.gms-apps from com.google.android.gms
02-06 22:11:46.984  1393  6685 I Icing   : Indexing done com.google.android.gms-apps
02-06 22:11:46.985  8001  8001 V GraphicsEnvironment: Currently set values for:
02-06 22:11:46.985  8001  8001 V GraphicsEnvironment:   angle_gl_driver_selection_pkgs=[]
02-06 22:11:46.985  8001  8001 V GraphicsEnvironment:   angle_gl_driver_selection_values=[]
02-06 22:11:46.985  8001  8001 V GraphicsEnvironment: com.nova is not listed in per-application setting
02-06 22:11:46.986  8001  8001 V GraphicsEnvironment: ANGLE allowlist from config: com.dreamgames.royalmatch com.dts.freefiremax com.dxx.firenow com.gramgames.mergedragons com.ludo.king com.mojang.minecraftpe com.my.defense com.nintendo.zaka com.os.airforce com.playrix.fishdomdd.gplay io.teslatech.callbreak jp.konami.prospia net.peakgames.toonblast
02-06 22:11:46.986  8001  8001 V GraphicsEnvironment: com.nova is not listed in ANGLE allowlist or settings, returning default
02-06 22:11:46.986  8001  8001 V GraphicsEnvironment: Neither updatable production driver nor prerelease driver is supported.
02-06 22:11:47.060   689  1916 W OptProp : Cannot read opt property android.window.PROPERTY_COMPAT_ENABLE_FAKE_FOCUS
02-06 22:11:47.063   689   897 D BackgroundInstallControlService: Package event received: 0
02-06 22:11:47.064   689   897 D BackgroundInstallControlService: Package event received: 0
02-06 22:11:47.067  8001  8020 I DisplayManager: Choreographer implicitly registered for the refresh rate.
02-06 22:11:47.068  8001  8001 I com.nova: AssetManager2(0x715eee4d08d8) locale list changing from [] to [en-US]
02-06 22:11:47.081   946  1042 V WindowManagerShell: Transition animation finished (aborted=false), notifying core (#47) android.os.BinderProxy@d8fca01@0
02-06 22:11:47.082   689   719 V WindowManager: Finish Transition (#47): created at 02-06 22:11:46.586 collect-started=0.172ms request-sent=43.125ms started=51.734ms ready=176.155ms sent=177.222ms commit=29.304ms finished=495.619ms
02-06 22:11:47.085  1067  1067 D VRI[NexusLauncherActivity]: visibilityChanged oldVisibility=true newVisibility=false
02-06 22:11:47.088   946  1042 V WindowManagerShell: Track 0 became idle
02-06 22:11:47.088   946  1042 V WindowManagerShell: All active transition animations finished
02-06 22:11:47.093  1067  1067 D NexusLauncherModelDelegate: notifySmartspaceEvent: SmartspaceTargetEvent{mSmartspaceTarget=null, mSmartspaceActionId='null', mEventType=7}
02-06 22:11:47.100  8001  8001 D nativeloader: Load /data/app/~~HC9C0uyVpj6yvgWuiNv11g==/com.nova-gTr-SWZHjGeEvr4RRn9y6A==/base.apk!/lib/x86_64/libnova_native.so using class loader ns clns-9 (caller=/data/app/~~HC9C0uyVpj6yvgWuiNv11g==/com.nova-gTr-SWZHjGeEvr4RRn9y6A==/base.apk!classes4.dex): ok
02-06 22:11:47.114  8001  8020 I EGL_emulation: Opening libGLESv1_CM_emulation.so
02-06 22:11:47.114  8001  8020 I EGL_emulation: Opening libGLESv2_emulation.so
02-06 22:11:47.119  8001  8020 W HWUI    : Failed to choose config with EGL_SWAP_BEHAVIOR_PRESERVED, retrying without...
02-06 22:11:47.119  8001  8020 W HWUI    : Failed to initialize 101010-2 format, error = EGL_SUCCESS
02-06 22:11:47.121  1319  1522 I .apps.wellbeing: AssetManager2(0x715eee4e0918) locale list changing from [] to [en-US]
02-06 22:11:47.126  1319  1522 I .apps.wellbeing: AssetManager2(0x715eee4f5138) locale list changing from [] to [en-US]
02-06 22:11:47.127  1319  1522 I .apps.wellbeing: AssetManager2(0x715eee4fabd8) locale list changing from [] to [en-US]
02-06 22:11:47.128  1319  1522 I .apps.wellbeing: AssetManager2(0x715eee4f1f38) locale list changing from [] to [en-US]
02-06 22:11:47.130  1319  1522 I .apps.wellbeing: AssetManager2(0x715eee4e82f8) locale list changing from [] to [en-US]
02-06 22:11:47.132  8001  8001 E ashmem  : Pinning is deprecated since Android Q. Please use trim or other methods.
02-06 22:11:47.133  1319  1522 I .apps.wellbeing: AssetManager2(0x715eee4e7678) locale list changing from [] to [en-US]
02-06 22:11:47.137  1319  1522 I .apps.wellbeing: AssetManager2(0x715eee4d6058) locale list changing from [] to [en-US]
02-06 22:11:47.139  1319  1522 I .apps.wellbeing: AssetManager2(0x715eee4f2898) locale list changing from [] to [en-US]
02-06 22:11:47.144  1319  1522 I .apps.wellbeing: AssetManager2(0x715eee4e2b78) locale list changing from [] to [en-US]
02-06 22:11:47.145  1319  1522 I .apps.wellbeing: AssetManager2(0x715eee4f0318) locale list changing from [] to [en-US]
02-06 22:11:47.151  8001  8001 D CompatChangeReporter: Compat change id reported: 377864165; UID 10219; state: ENABLED
02-06 22:11:47.153  8001  8001 D DesktopModeFlags: Toggle override initialized to: OVERRIDE_UNSET
02-06 22:11:47.154  1319  1522 I .apps.wellbeing: AssetManager2(0x715eee4e6d18) locale list changing from [] to [en-US]
02-06 22:11:47.154  1319  1522 I .apps.wellbeing: AssetManager2(0x715eee4f0958) locale list changing from [] to [en-US]
02-06 22:11:47.155  1319  1522 I .apps.wellbeing: AssetManager2(0x715eee4f44b8) locale list changing from [] to [en-US]
02-06 22:11:47.157  1319  1522 I .apps.wellbeing: AssetManager2(0x715eee4ea878) locale list changing from [] to [en-US]
02-06 22:11:47.167  1319  1522 I .apps.wellbeing: AssetManager2(0x715eee4f3518) locale list changing from [] to [en-US]
02-06 22:11:47.168  1319  1522 I .apps.wellbeing: AssetManager2(0x715eee4df978) locale list changing from [] to [en-US]
02-06 22:11:47.173  1319  1522 I .apps.wellbeing: AssetManager2(0x715eee4fbe98) locale list changing from [] to [en-US]
02-06 22:11:47.181  1319  1522 I .apps.wellbeing: AssetManager2(0x715eee4eda78) locale list changing from [] to [en-US]
02-06 22:11:47.181  1319  1522 I .apps.wellbeing: AssetManager2(0x715eee4f2bb8) locale list changing from [] to [en-US]
02-06 22:11:47.182  1319  1522 I .apps.wellbeing: AssetManager2(0x715eee4da518) locale list changing from [] to [en-US]
02-06 22:11:47.182  1319  1522 I .apps.wellbeing: AssetManager2(0x715eee4dfc98) locale list changing from [] to [en-US]
02-06 22:11:47.183  1319  1522 I .apps.wellbeing: AssetManager2(0x715eee4d82b8) locale list changing from [] to [en-US]
02-06 22:11:47.183  1319  1522 I .apps.wellbeing: AssetManager2(0x715eee4e8c58) locale list changing from [] to [en-US]
02-06 22:11:47.184  1319  1522 I .apps.wellbeing: AssetManager2(0x715eee4decf8) locale list changing from [] to [en-US]
02-06 22:11:47.184  1319  1522 I .apps.wellbeing: AssetManager2(0x715eee4dd718) locale list changing from [] to [en-US]
02-06 22:11:47.185  1319  1522 I .apps.wellbeing: AssetManager2(0x715eee4e4158) locale list changing from [] to [en-US]
02-06 22:11:47.185  1319  1522 I .apps.wellbeing: AssetManager2(0x715eee4d7c78) locale list changing from [] to [en-US]
02-06 22:11:47.186  1319  1522 I .apps.wellbeing: AssetManager2(0x715eee4e4ab8) locale list changing from [] to [en-US]
02-06 22:11:47.186  1319  1522 I .apps.wellbeing: AssetManager2(0x715eee4e9bf8) locale list changing from [] to [en-US]
02-06 22:11:47.186  1319  1522 I .apps.wellbeing: AssetManager2(0x715eee4f31f8) locale list changing from [] to [en-US]
02-06 22:11:47.187  1319  1522 I .apps.wellbeing: AssetManager2(0x715eee4dda38) locale list changing from [] to [en-US]
02-06 22:11:47.188  1319  1522 I .apps.wellbeing: AssetManager2(0x715eee4e8f78) locale list changing from [] to [en-US]
02-06 22:11:47.188  1319  1522 I .apps.wellbeing: AssetManager2(0x715eee4fb538) locale list changing from [] to [en-US]
02-06 22:11:47.189  1319  1522 I .apps.wellbeing: AssetManager2(0x715eee4efcd8) locale list changing from [] to [en-US]
02-06 22:11:47.190  1319  1522 I .apps.wellbeing: AssetManager2(0x715eee4f3838) locale list changing from [] to [en-US]
02-06 22:11:47.191  1319  1522 I .apps.wellbeing: AssetManager2(0x715eee4dcdb8) locale list changing from [] to [en-US]
02-06 22:11:47.191  1319  1522 I .apps.wellbeing: AssetManager2(0x715eee4fb218) locale list changing from [] to [en-US]
02-06 22:11:47.191  1319  1522 I .apps.wellbeing: AssetManager2(0x715eee4f0638) locale list changing from [] to [en-US]
02-06 22:11:47.192  1319  1522 I .apps.wellbeing: AssetManager2(0x715eee4f63f8) locale list changing from [] to [en-US]
02-06 22:11:47.193  1319  1522 I .apps.wellbeing: AssetManager2(0x715eee4fb858) locale list changing from [] to [en-US]
02-06 22:11:47.195  1319  1522 I .apps.wellbeing: AssetManager2(0x715eee4f8658) locale list changing from [] to [en-US]
02-06 22:11:47.195  1319  1522 I .apps.wellbeing: AssetManager2(0x715eee4f7078) locale list changing from [] to [en-US]
02-06 22:11:47.196  1319  1522 I .apps.wellbeing: AssetManager2(0x715eee4f4e18) locale list changing from [] to [en-US]
02-06 22:11:47.197  1319  1522 I .apps.wellbeing: AssetManager2(0x715eee4eab98) locale list changing from [] to [en-US]
02-06 22:11:47.197  1319  1522 I .apps.wellbeing: AssetManager2(0x715eee4dd0d8) locale list changing from [] to [en-US]
02-06 22:11:47.198  1319  1522 I .apps.wellbeing: AssetManager2(0x715eee4f2578) locale list changing from [] to [en-US]
02-06 22:11:47.198  1319  1522 I .apps.wellbeing: AssetManager2(0x715eee4eea18) locale list changing from [] to [en-US]
02-06 22:11:47.200  1319  1522 I .apps.wellbeing: AssetManager2(0x715eee4d7f98) locale list changing from [] to [en-US]
02-06 22:11:47.201  1319  1522 I .apps.wellbeing: AssetManager2(0x715eee4ee6f8) locale list changing from [] to [en-US]
02-06 22:11:47.202  1319  1522 I .apps.wellbeing: AssetManager2(0x715eee4eb4f8) locale list changing from [] to [en-US]
02-06 22:11:47.203  1319  1522 I .apps.wellbeing: AssetManager2(0x715eee4dffb8) locale list changing from [] to [en-US]
02-06 22:11:47.203  1319  1522 I .apps.wellbeing: AssetManager2(0x715eee4da1f8) locale list changing from [] to [en-US]
02-06 22:11:47.204  1319  1522 I .apps.wellbeing: AssetManager2(0x715eee4e1bd8) locale list changing from [] to [en-US]
02-06 22:11:47.205  1319  1522 I .apps.wellbeing: AssetManager2(0x715eee4e02d8) locale list changing from [] to [en-US]
02-06 22:11:47.205  1319  1522 I .apps.wellbeing: AssetManager2(0x715eee4e95b8) locale list changing from [] to [en-US]
02-06 22:11:47.206  1319  1522 I .apps.wellbeing: AssetManager2(0x715eee4eaeb8) locale list changing from [] to [en-US]
02-06 22:11:47.207  1319  1522 I .apps.wellbeing: AssetManager2(0x715eee4e2e98) locale list changing from [] to [en-US]
02-06 22:11:47.210  1319  1522 I .apps.wellbeing: AssetManager2(0x715eee4df018) locale list changing from [] to [en-US]
02-06 22:11:47.211  1319  1522 I .apps.wellbeing: AssetManager2(0x715eee4e1598) locale list changing from [] to [en-US]
02-06 22:11:47.212  1319  1522 I .apps.wellbeing: AssetManager2(0x715eee4e3e38) locale list changing from [] to [en-US]
02-06 22:11:47.212  1319  1522 I .apps.wellbeing: AssetManager2(0x715eee4e50f8) locale list changing from [] to [en-US]
02-06 22:11:47.213  1319  1522 I .apps.wellbeing: AssetManager2(0x715eee4e2858) locale list changing from [] to [en-US]
02-06 22:11:47.216  1319  1522 I .apps.wellbeing: AssetManager2(0x715eee4d69b8) locale list changing from [] to [en-US]
02-06 22:11:47.217  1319  1522 I .apps.wellbeing: AssetManager2(0x715eee4e34d8) locale list changing from [] to [en-US]
02-06 22:11:47.219  1319  1522 I .apps.wellbeing: AssetManager2(0x715eee4d9578) locale list changing from [] to [en-US]
02-06 22:11:47.221  8001  8001 W HWUI    : Unknown dataspace 0
02-06 22:11:47.221  1319  1522 I .apps.wellbeing: AssetManager2(0x715eee4e3b18) locale list changing from [] to [en-US]
02-06 22:11:47.222  1319  1522 I .apps.wellbeing: AssetManager2(0x715eee4e1278) locale list changing from [] to [en-US]
02-06 22:11:47.222  1319  1522 I .apps.wellbeing: AssetManager2(0x715eee4d8f38) locale list changing from [] to [en-US]
02-06 22:11:47.224  1319  1522 I .apps.wellbeing: AssetManager2(0x715eee4e1ef8) locale list changing from [] to [en-US]
02-06 22:11:47.225  1319  1522 I .apps.wellbeing: AssetManager2(0x715eee4d6ff8) locale list changing from [] to [en-US]
02-06 22:11:47.226  1319  1522 I .apps.wellbeing: AssetManager2(0x715eee4e98d8) locale list changing from [] to [en-US]
02-06 22:11:47.227  1319  1522 I .apps.wellbeing: AssetManager2(0x715eee4d5d38) locale list changing from [] to [en-US]
02-06 22:11:47.228  1319  1522 I .apps.wellbeing: AssetManager2(0x715eee4ec178) locale list changing from [] to [en-US]
02-06 22:11:47.228  1319  1522 I .apps.wellbeing: AssetManager2(0x715eee4f8978) locale list changing from [] to [en-US]
02-06 22:11:47.229  1319  1522 I .apps.wellbeing: AssetManager2(0x715eee4db198) locale list changing from [] to [en-US]
02-06 22:11:47.230  1319  1522 I .apps.wellbeing: AssetManager2(0x715eee4f5778) locale list changing from [] to [en-US]
02-06 22:11:47.230  1319  1522 I .apps.wellbeing: AssetManager2(0x715eee4ef698) locale list changing from [] to [en-US]
02-06 22:11:47.230  1319  1522 I .apps.wellbeing: AssetManager2(0x715eee4ea238) locale list changing from [] to [en-US]
02-06 22:11:47.231  1319  1522 I .apps.wellbeing: AssetManager2(0x715eee4e7cb8) locale list changing from [] to [en-US]
02-06 22:11:47.231  1319  1522 I .apps.wellbeing: AssetManager2(0x715eee4ebb38) locale list changing from [] to [en-US]
02-06 22:11:47.232  1319  1522 I .apps.wellbeing: AssetManager2(0x715eee4fc1b8) locale list changing from [] to [en-US]
02-06 22:11:47.232  1319  1522 I .apps.wellbeing: AssetManager2(0x715eee4d9258) locale list changing from [] to [en-US]
02-06 22:11:47.233  1319  1522 I .apps.wellbeing: AssetManager2(0x715eee4fc4d8) locale list changing from [] to [en-US]
02-06 22:11:47.233  1319  1522 I .apps.wellbeing: AssetManager2(0x715eee4e7038) locale list changing from [] to [en-US]
02-06 22:11:47.234  1319  1522 I .apps.wellbeing: AssetManager2(0x715eee4eb1d8) locale list changing from [] to [en-US]
02-06 22:11:47.235  1319  1522 I .apps.wellbeing: AssetManager2(0x715eee4d7958) locale list changing from [] to [en-US]
02-06 22:11:47.237  1319  1522 I .apps.wellbeing: AssetManager2(0x715eee4e4798) locale list changing from [] to [en-US]
02-06 22:11:47.237  1319  1522 I .apps.wellbeing: AssetManager2(0x715eee4dab58) locale list changing from [] to [en-US]
02-06 22:11:47.237  1319  1522 I .apps.wellbeing: AssetManager2(0x715eee4e0f58) locale list changing from [] to [en-US]
02-06 22:11:47.238  1319  1522 I .apps.wellbeing: AssetManager2(0x715eee4de6b8) locale list changing from [] to [en-US]
02-06 22:11:47.238  1319  1522 I .apps.wellbeing: AssetManager2(0x715eee4d9898) locale list changing from [] to [en-US]
02-06 22:11:47.240  1319  1522 I .apps.wellbeing: AssetManager2(0x715eee4ea558) locale list changing from [] to [en-US]
02-06 22:11:47.240  1319  1522 I .apps.wellbeing: AssetManager2(0x715eee4e5a58) locale list changing from [] to [en-US]
02-06 22:11:47.241  1319  1522 I .apps.wellbeing: AssetManager2(0x715eee4d2e58) locale list changing from [] to [en-US]
02-06 22:11:47.250  1319  1522 I .apps.wellbeing: AssetManager2(0x715eee4ee0b8) locale list changing from [] to [en-US]
02-06 22:11:47.251   689  1503 D CoreBackPreview: Window{98d7f21 u0 com.nova/com.nova.MainActivity}: Setting back callback OnBackInvokedCallbackInfo{mCallback=android.window.IOnBackInvokedCallback$Stub$Proxy@2411507, mPriority=-1, mIsAnimationCallback=false, mOverrideBehavior=0}
02-06 22:11:47.261  1319  1522 I .apps.wellbeing: AssetManager2(0x715eee4ee3d8) locale list changing from [] to [en-US]
02-06 22:11:47.262  1319  1522 I .apps.wellbeing: AssetManager2(0x715eee4f4af8) locale list changing from [] to [en-US]
02-06 22:11:47.264  1319  1522 I .apps.wellbeing: AssetManager2(0x715eee4ed758) locale list changing from [] to [en-US]
02-06 22:11:47.265  1319  1522 I .apps.wellbeing: AssetManager2(0x715eee4ed438) locale list changing from [] to [en-US]
02-06 22:11:47.266  1319  1522 I .apps.wellbeing: AssetManager2(0x715eee4ef9b8) locale list changing from [] to [en-US]
02-06 22:11:47.268  1319  1522 I .apps.wellbeing: AssetManager2(0x715eee4e05f8) locale list changing from [] to [en-US]
02-06 22:11:47.268  1319  1522 I .apps.wellbeing: AssetManager2(0x715eee4f47d8) locale list changing from [] to [en-US]
02-06 22:11:47.269  1319  1522 I .apps.wellbeing: AssetManager2(0x715eee4f1c18) locale list changing from [] to [en-US]
