02-06 22:11:47.271  1319  1522 I .apps.wellbeing: AssetManager2(0x715eee4eed38) locale list changing from [] to [en-US]
02-06 22:11:47.272  1319  1522 I .apps.wellbeing: AssetManager2(0x715eee4f3e78) locale list changing from [] to [en-US]
02-06 22:11:47.273  1319  1522 I .apps.wellbeing: AssetManager2(0x715eee4f2ed8) locale list changing from [] to [en-US]
02-06 22:11:47.274  1319  1522 I .apps.wellbeing: AssetManager2(0x715eee4f7cf8) locale list changing from [] to [en-US]
02-06 22:11:47.275  1319  1522 I .apps.wellbeing: AssetManager2(0x715eee4f12b8) locale list changing from [] to [en-US]
02-06 22:11:47.276  1319  1522 I .apps.wellbeing: AssetManager2(0x715eee4f5a98) locale list changing from [] to [en-US]
02-06 22:11:47.276  1319  1522 I .apps.wellbeing: AssetManager2(0x715eee4faef8) locale list changing from [] to [en-US]
02-06 22:11:47.277  1319  1522 I .apps.wellbeing: AssetManager2(0x715eee4fbb78) locale list changing from [] to [en-US]
02-06 22:11:47.277  1319  1522 I .apps.wellbeing: AssetManager2(0x715eee4fc7f8) locale list changing from [] to [en-US]
02-06 22:11:47.278  1319  1522 I .apps.wellbeing: AssetManager2(0x715eee4fa278) locale list changing from [] to [en-US]
02-06 22:11:47.279  1319  1522 I .apps.wellbeing: AssetManager2(0x715eee4f8c98) locale list changing from [] to [en-US]
02-06 22:11:47.279  1319  1522 I .apps.wellbeing: AssetManager2(0x715eee4f9918) locale list changing from [] to [en-US]
02-06 22:11:47.280  1319  1522 I .apps.wellbeing: AssetManager2(0x715eee4f8fb8) locale list changing from [] to [en-US]
02-06 22:11:47.281  1319  1522 I .apps.wellbeing: AssetManager2(0x715eee4f6d58) locale list changing from [] to [en-US]
02-06 22:11:47.282  1319  1522 I .apps.wellbeing: AssetManager2(0x715eee4f5db8) locale list changing from [] to [en-US]
02-06 22:11:47.284  1057  1219 D SatelliteController: iisInCarrierRoamingNbIotNtn: satellite is disabled
02-06 22:11:47.296  1319  1522 I .apps.wellbeing: AssetManager2(0x715eee4fb858) locale list changing from [] to [en-US]
02-06 22:11:47.300  1319  1522 I .apps.wellbeing: AssetManager2(0x715eee4f5db8) locale list changing from [] to [en-US]
02-06 22:11:47.303  1319  1522 I .apps.wellbeing: AssetManager2(0x715eee4f6d58) locale list changing from [] to [en-US]
02-06 22:11:47.306  1319  1522 I .apps.wellbeing: AssetManager2(0x715eee4f8fb8) locale list changing from [] to [en-US]
02-06 22:11:47.307  1319  1522 I .apps.wellbeing: AssetManager2(0x715eee503238) locale list changing from [] to [en-US]
02-06 22:11:47.308  1319  1522 I .apps.wellbeing: AssetManager2(0x715eee4f8c98) locale list changing from [] to [en-US]
02-06 22:11:47.309  1319  1522 I .apps.wellbeing: AssetManager2(0x715eee4f6718) locale list changing from [] to [en-US]
02-06 22:11:47.310  1319  1522 I .apps.wellbeing: AssetManager2(0x715eee4fa278) locale list changing from [] to [en-US]
02-06 22:11:47.663  8001  8001 I com.nova: hiddenapi: Accessing hidden method Landroid/os/SystemProperties;->addChangeCallback(Ljava/lang/Runnable;)V (runtime_flags=0, domain=platform, api=unsupported) from Landroidx/compose/ui/platform/AndroidComposeView$Companion; (domain=app) using reflection: allowed
02-06 22:11:47.756  8001  8008 I com.nova: Compiler allocated 5042KB to compile void android.view.ViewRootImpl.performTraversals()
02-06 22:11:48.100   689   719 I ActivityTaskManager: Displayed com.nova/.MainActivity for user 0: +1s518ms
02-06 22:11:48.105  8001  8028 D Nova    : Copying cores from APK to Downloads...
02-06 22:11:48.105  8001  8028 D Nova    : Copied 0 cores to Downloads
02-06 22:11:48.109  8001  8001 I Choreographer: Skipped 44 frames!  The application may be doing too much work on its main thread.
02-06 22:11:48.116  8001  8015 I HWUI    : Davey! duration=855ms; Flags=1, FrameTimelineVsyncId=1402926, IntendedVsync=7801681339150, Vsync=7801681339150, InputEventId=0, HandleInputStart=7801682746704, AnimationStart=7801682795904, PerformTraversalsStart=7801682818204, DrawStart=7802507811004, FrameDeadline=7801698005816, FrameStartTime=7801682731604, FrameInterval=16666666, WorkloadTarget=16666666, SyncQueued=7802519821504, SyncStart=7802520620904, IssueDrawCommandsStart=7802520696404, SwapBuffers=7802534670504, FrameCompleted=7802537522804, DequeueBufferDuration=16000, QueueBufferDuration=310500, GpuCompleted=7802537386904, SwapBuffersCompleted=7802537522804, DisplayPresentTime=0, CommandSubmissionCompleted=7802534670504, 
02-06 22:11:48.117  8001  8028 W System  : Attempt to load writable file: /data/user/0/com.nova/files/cores/libc++_shared.so. This will throw on a future Android version
02-06 22:11:48.112  8001  8001 W DefaultDispatch: type=1400 audit(0.0:794): avc:  granted  { execute } for  path="/data/data/com.nova/files/cores/libc++_shared.so" dev="dm-55" ino=524290 scontext=u:r:untrusted_app:s0:c219,c256,c512,c768 tcontext=u:object_r:app_data_file:s0:c219,c256,c512,c768 tclass=file app=com.nova
02-06 22:11:48.123  8001  8028 D nativeloader: Load /data/user/0/com.nova/files/cores/libc++_shared.so using class loader ns clns-9 (caller=/data/app/~~HC9C0uyVpj6yvgWuiNv11g==/com.nova-gTr-SWZHjGeEvr4RRn9y6A==/base.apk!classes4.dex): ok
02-06 22:11:48.123  8001  8028 D Nova    : Loaded libc++_shared.so
02-06 22:11:48.134   946   946 I ndroid.systemui: AssetManager2(0x715eee4ff3b8) locale list changing from [] to [en-US]
02-06 22:11:48.137   689   811 I ImeTracker: com.nova:8ee266e2: onRequestHide at ORIGIN_SERVER reason HIDE_UNSPECIFIED_WINDOW fromUser false
02-06 22:11:48.137   946   946 I ndroid.systemui: AssetManager2(0x715eee4e5418) locale list changing from [] to [en-US]
02-06 22:11:48.142  8001  8030 D NovaScanner: Scanning directory: /storage/emulated/0/Emulator Games/PS1
02-06 22:11:48.146  1067  1067 D BaseDepthController: setSurface:
02-06 22:11:48.146  1067  1067 D BaseDepthController: 	mWaitingOnSurfaceValidity: false
02-06 22:11:48.146  1067  1067 D BaseDepthController: 	mBaseSurface: null
02-06 22:11:48.146  1067  1067 D BaseDepthController: mSurface is null and mCurrentBlur is: 23
02-06 22:11:48.147  1067  1067 D StatsLog: LAUNCHER_ONSTOP
02-06 22:11:48.147  1282  1282 I GoogleInputMethodService: GoogleInputMethodService.onFinishInput():2043 
02-06 22:11:48.147  1067  1067 D StatsLog: LAUNCHER_GOOGLE_SEARCH_RESTORE_LIST_SIZE_AFTER_ACTIVITY_RESTART
02-06 22:11:48.148  1282  1282 I Module  : DeviceLockedStatusModuleProvider$Module.updateDeviceLockedStatus():100 repeatCheckTimes = 0, locked = false
02-06 22:11:48.148  1067  1970 D GmsPlayProvider: Forcefully shut down the binder channel
02-06 22:11:48.148   689  2051 I ImeTracker: system_server:e3ad0a74: onRequestHide at ORIGIN_SERVER reason IME_REQUESTED_CHANGED_LISTENER fromUser false
02-06 22:11:48.149  1282  1282 I GoogleInputMethodService: GoogleInputMethodService.onStartInput():1293 onStartInput(EditorInfo{EditorInfo{packageName=com.nova, inputType=0, inputTypeString=NULL, enableLearning=false, autoCorrection=false, autoComplete=false, imeOptions=0, privateImeOptions=null, actionName=UNSPECIFIED, actionLabel=null, initialSelStart=-1, initialSelEnd=-1, initialCapsMode=0, label=null, fieldId=0, fieldName=null, extras=null, hintText=null, hintLocales=[]}}, false)
02-06 22:11:48.149  1282  1282 I EmojiCompatManager: EmojiCompatManager.getEmojiCompatIfLoaded():343 EmojiCompat.init() was never called.
02-06 22:11:48.149  1282  1282 I EmojiCompatManager: java.lang.IllegalStateException: EmojiCompat is not initialized. Please call EmojiCompat.init() first
02-06 22:11:48.149  1282  1282 I EmojiCompatManager: 	at asx.p(PG:6)
02-06 22:11:48.149  1282  1282 I EmojiCompatManager: 	at axb.b(PG:13)
02-06 22:11:48.149  1282  1282 I EmojiCompatManager: 	at jnr.b(PG:2)
02-06 22:11:48.149  1282  1282 I EmojiCompatManager: 	at jnr.c(PG:4)
02-06 22:11:48.149  1282  1282 I EmojiCompatManager: 	at jnr.f(PG:3)
02-06 22:11:48.149  1282  1282 I EmojiCompatManager: 	at jnx.c(PG:3)
02-06 22:11:48.149  1282  1282 I EmojiCompatManager: 	at kif.cz(PG:47)
02-06 22:11:48.149  1282  1282 I EmojiCompatManager: 	at lhl.run(PG:1025)
02-06 22:11:48.149  1282  1282 I EmojiCompatManager: 	at jaf.execute(PG:12)
02-06 22:11:48.149  1282  1282 I EmojiCompatManager: 	at nco.v(PG:13)
02-06 22:11:48.149  1282  1282 I EmojiCompatManager: 	at lhn.m(PG:96)
02-06 22:11:48.149  1282  1282 I EmojiCompatManager: 	at lhn.k(PG:25)
02-06 22:11:48.149  1282  1282 I EmojiCompatManager: 	at kgn.onStartInput(PG:250)
02-06 22:11:48.149  1282  1282 I EmojiCompatManager: 	at android.inputmethodservice.InputMethodService.doStartInput(InputMethodService.java:3521)
02-06 22:11:48.149  1282  1282 I EmojiCompatManager: 	at android.inputmethodservice.InputMethodService$InputMethodImpl.startInput(InputMethodService.java:879)
02-06 22:11:48.149  1282  1282 I EmojiCompatManager: 	at android.inputmethodservice.InputMethodService$InputMethodImpl.dispatchStartInput(InputMethodService.java:908)
02-06 22:11:48.149  1282  1282 I EmojiCompatManager: 	at android.inputmethodservice.IInputMethodWrapper.executeMessage(IInputMethodWrapper.java:201)
02-06 22:11:48.149  1282  1282 I EmojiCompatManager: 	at com.android.internal.os.HandlerCaller$MyHandler.handleMessage(HandlerCaller.java:44)
02-06 22:11:48.149  1282  1282 I EmojiCompatManager: 	at android.os.Handler.dispatchMessage(Handler.java:110)
02-06 22:11:48.149  1282  1282 I EmojiCompatManager: 	at android.os.Looper.loopOnce(Looper.java:248)
02-06 22:11:48.149  1282  1282 I EmojiCompatManager: 	at android.os.Looper.loop(Looper.java:338)
02-06 22:11:48.149  1282  1282 I EmojiCompatManager: 	at android.app.ActivityThread.main(ActivityThread.java:9067)
02-06 22:11:48.149  1282  1282 I EmojiCompatManager: 	at java.lang.reflect.Method.invoke(Native Method)
02-06 22:11:48.149  1282  1282 I EmojiCompatManager: 	at com.android.internal.os.RuntimeInit$MethodAndArgsCaller.run(RuntimeInit.java:593)
02-06 22:11:48.149  1282  1282 I EmojiCompatManager: 	at com.android.internal.os.ZygoteInit.main(ZygoteInit.java:932)
02-06 22:11:48.150  1282  1282 I Module  : DeviceLockedStatusModuleProvider$Module.updateDeviceLockedStatus():100 repeatCheckTimes = 1, locked = false
02-06 22:11:48.152   689  1503 W PackageConfigPersister: App-specific configuration not found for packageName: com.nova and userId: 0
02-06 22:11:48.152   689   722 I ImeTracker: system_server:e3ad0a74: onCancelled at PHASE_SERVER_SHOULD_HIDE
02-06 22:11:48.155  8001  8001 D InsetsController: hide(ime(), fromIme=false)
02-06 22:11:48.155  8001  8001 I ImeTracker: com.nova:8ee266e2: onCancelled at PHASE_CLIENT_ALREADY_HIDDEN
02-06 22:11:48.160  1201  1209 I FontLog : (REDACTED) Received query %s, URI %s
02-06 22:11:48.160  1201  1209 I FontLog : (REDACTED) Query [%s] resolved to %s
02-06 22:11:48.163  1201  1209 I FontLog : (REDACTED) Fetch %s end status %s
02-06 22:11:48.163   689   897 D BackgroundInstallControlService: Package event received: 0
02-06 22:11:48.165  1201  1391 I FontLog : (REDACTED) Pulling font file for id = %d, cache size = %d
02-06 22:11:48.170  1201  1391 I FontLog : (REDACTED) Pulling font file for id = %d, cache size = %d
02-06 22:11:48.197  8001  8030 D NovaScanner: Found Game: Gran Turismo 2 (USA) (Arcade Mode) (Rev 1).cue (PS1)
02-06 22:11:48.201  8001  8030 D NovaScanner: Found Game: Gran Turismo 2 (USA) (Arcade Mode) (Rev 1).cue (PS1)
02-06 22:11:48.203  8001  8030 D NovaScanner: Scanning directory: /storage/emulated/0/Emulator Games/N64
02-06 22:11:48.208  8001  8030 D NovaScanner: Found Game: Super Mario 64 (USA).z64 (N64)
02-06 22:11:48.208  8001  8030 D NovaScanner: Found Game: Mario Kart 64 (USA).z64 (N64)
02-06 22:11:48.208  8001  8030 D NovaScanner: Found Game: Legend of Zelda, The - Majora's Mask (USA).z64 (N64)
02-06 22:11:48.208  8001  8030 D NovaScanner: Found Game: GoldenEye 007 (USA).z64 (N64)
02-06 22:11:48.208  8001  8030 D NovaScanner: Found Game: Cruis'n USA (U) (V1.2) [!].z64 (N64)
02-06 22:11:48.209  8001  8030 D NovaScanner: Scanning directory: /storage/emulated/0/Emulator Games/GENSIS
02-06 22:11:48.218  8001  8030 D NovaScanner: Found Game: Mortal Kombat II (World).md (GENESIS)
02-06 22:11:48.218  8001  8030 D NovaScanner: Found Game: Street Fighter II' - Special Champion Edition (Europe).md (GENESIS)
02-06 22:11:48.218  8001  8030 D NovaScanner: Found Game: Streets of Rage 3 (USA).md (GENESIS)
02-06 22:11:48.218  8001  8030 D NovaScanner: Found Game: Bare Knuckle - Ikari no Tekken ~ Streets of Rage (World) (Rev A).md (GENESIS)
02-06 22:11:48.218  8001  8030 D NovaScanner: Found Game: Streets of Rage 2 (USA).md (GENESIS)
02-06 22:11:48.219  8001  8030 D NovaScanner: Scanning directory: /storage/emulated/0/Emulator Games/SNES
02-06 22:11:48.223  8001  8030 D NovaScanner: Found Game: F-Zero (USA).sfc (SNES)
02-06 22:11:48.223  8001  8030 D NovaScanner: Found Game: Street Fighter II Turbo (V1.0) (E) [!].smc (SNES)
02-06 22:11:48.223  8001  8030 D NovaScanner: Found Game: Super Mario Kart (USA).sfc (SNES)
02-06 22:11:48.223  8001  8030 D NovaScanner: Found Game: Super Mario World (U) [!].smc (SNES)
02-06 22:11:48.224  8001  8030 D NovaScanner: Found Game: Ultimate Mortal Kombat 3 (USA).sfc (SNES)
02-06 22:11:48.231  8001  8030 D NovaScanner: Scanning directory: /storage/emulated/0/Emulator Games/GAMECUBE
02-06 22:11:48.238  8001  8030 D NovaScanner: Found Game: Mario Kart - Double Dash!! (USA).nkit.iso (GAMECUBE)
02-06 22:11:48.472   607   607 W IPCThreadState: Sending oneway calls to frozen process.
02-06 22:11:50.058  8001  8001 D GameScreen: Creating new SurfaceView for: /storage/emulated/0/Emulator Games/PS1/Gran Turismo 2/Gran Turismo 2 (USA) (Arcade Mode) (Rev 1)/Gran Turismo 2 (USA) (Arcade Mode) (Rev 1).cue
02-06 22:11:50.111  8001  8001 D GameScreen: Surface created for: /storage/emulated/0/Emulator Games/PS1/Gran Turismo 2/Gran Turismo 2 (USA) (Arcade Mode) (Rev 1)/Gran Turismo 2 (USA) (Arcade Mode) (Rev 1).cue
02-06 22:11:50.112  8001  8001 D GameScreen: Surface changed: 1080x810
02-06 22:11:50.122  8001  8001 D GameScreen: Checking load conditions: surfaceReady=false, loadAttempted=false, gamePath=/storage/emulated/0/Emulator Games/PS1/Gran Turismo 2/Gran Turismo 2 (USA) (Arcade Mode) (Rev 1)/Gran Turismo 2 (USA) (Arcade Mode) (Rev 1).cue
02-06 22:11:50.255   689  1417 E TaskPersister: File error accessing recents directory (directory doesn't exist?).
02-06 22:11:50.731   689  2051 W NotificationService: Toast already killed. pkg=com.nova token=android.os.BinderProxy@b388fad
02-06 22:11:51.192  1201  1201 D BoundBrokerSvc: onUnbind: Intent { act=com.google.android.gms.common.telemetry.service.START dat=chimera-action:/... xflg=0x4 cmp=com.google.android.gms/.chimera.PersistentApiService }
02-06 22:11:51.389  1694  3930 I IPCThreadState: oneway function results for code 2 on binder at 0x715e4e4ff500 will be dropped but finished with status UNKNOWN_TRANSACTION
02-06 22:11:52.767  8001  8037 D ProfileInstaller: Installing profile for com.nova
02-06 22:11:55.310  8038  8038 W dumpsys : Thread Pool max thread count is 0. Cannot cache binder as linkToDeath cannot be implemented. serviceName: package
02-06 22:11:55.368  2208  2208 I artd    : GetBestInfo: odex next to the dex file (/data/app/~~5KoU0IUjs6dp0xUyjknx5w==/com.google.android.gms-krUQbUdGpM-pPhvIrBuplg==/oat/x86_64/base.odex) is kOatUpToDate with filter 'speed-profile' executable 'false'
02-06 22:11:55.369  2208  2208 I artd    : GetBestInfo: odex next to the dex file (/data/app/~~5KoU0IUjs6dp0xUyjknx5w==/com.google.android.gms-krUQbUdGpM-pPhvIrBuplg==/oat/x86_64/split_AdsDynamite_installtime.odex) is kOatUpToDate with filter 'speed' executable 'false'
02-06 22:11:55.370  2208  2210 I artd    : GetBestInfo: odex next to the dex file (/data/app/~~5KoU0IUjs6dp0xUyjknx5w==/com.google.android.gms-krUQbUdGpM-pPhvIrBuplg==/oat/x86_64/split_CronetDynamite_installtime.odex) is kOatUpToDate with filter 'speed' executable 'false'
02-06 22:11:55.372  2208  2210 I artd    : GetBestInfo: odex next to the dex file (/data/app/~~5KoU0IUjs6dp0xUyjknx5w==/com.google.android.gms-krUQbUdGpM-pPhvIrBuplg==/oat/x86_64/split_DynamiteLoader_installtime.odex) is kOatUpToDate with filter 'speed' executable 'false'
02-06 22:11:55.372  2208  2210 I artd    : GetBestInfo: odex next to the dex file (/data/app/~~5KoU0IUjs6dp0xUyjknx5w==/com.google.android.gms-krUQbUdGpM-pPhvIrBuplg==/oat/x86_64/split_DynamiteModulesA_installtime.odex) is kOatUpToDate with filter 'speed' executable 'false'
02-06 22:11:55.373  2208  2208 I artd    : GetBestInfo: odex next to the dex file (/data/app/~~5KoU0IUjs6dp0xUyjknx5w==/com.google.android.gms-krUQbUdGpM-pPhvIrBuplg==/oat/x86_64/split_DynamiteModulesC_installtime.odex) is kOatUpToDate with filter 'speed' executable 'false'
02-06 22:11:55.374  2208  2208 I artd    : GetBestInfo: odex next to the dex file (/data/app/~~5KoU0IUjs6dp0xUyjknx5w==/com.google.android.gms-krUQbUdGpM-pPhvIrBuplg==/oat/x86_64/split_GoogleCertificates_installtime.odex) is kOatUpToDate with filter 'speed' executable 'false'
02-06 22:11:55.375  2208  2208 I artd    : GetBestInfo: odex next to the dex file (/data/app/~~5KoU0IUjs6dp0xUyjknx5w==/com.google.android.gms-krUQbUdGpM-pPhvIrBuplg==/oat/x86_64/split_MapsDynamite_installtime.odex) is kOatUpToDate with filter 'speed' executable 'false'
02-06 22:11:55.376  2208  2208 I artd    : GetBestInfo: odex next to the dex file (/data/app/~~5KoU0IUjs6dp0xUyjknx5w==/com.google.android.gms-krUQbUdGpM-pPhvIrBuplg==/oat/x86_64/split_MeasurementDynamite_installtime.odex) is kOatUpToDate with filter 'speed' executable 'false'
02-06 22:11:55.377  2208  2208 I artd    : GetBestInfo: odex next to the dex file (/data/app/~~5KoU0IUjs6dp0xUyjknx5w==/com.google.android.gms-krUQbUdGpM-pPhvIrBuplg==/oat/x86_64/split_all_locale_splits.odex) is kOatUpToDate with filter 'speed' executable 'false'
02-06 22:11:55.378  2208  2208 I artd    : GetBestInfo: /data/user_de/0/com.google.android.gms/app_chimera/m/00000013/dl-MlkitBarcodeUi.optional_260235100800.apk has no usable artifacts
02-06 22:11:55.378  2208  2208 I artd    : GetBestInfo: /data/user_de/0/com.google.android.gms/app_chimera/m/00000001/CronetDynamite.apk has no usable artifacts
02-06 22:11:55.379  2208  2208 I artd    : GetBestInfo: /data/user_de/0/com.google.android.gms/app_chimera/m/0000000b/dl-Appsearch.optional_250834100800.apk has no usable artifacts
02-06 22:11:55.380  2208  2208 I artd    : GetBestInfo: /data/user_de/0/com.google.android.gms/app_chimera/m/00000002/DynamiteLoader.apk has no usable artifacts
02-06 22:11:55.380  2208  2208 I artd    : GetBestInfo: /data/user_de/0/com.google.android.gms/app_chimera/m/00000005/GoogleCertificates.apk has no usable artifacts
02-06 22:11:55.381  2208  2208 I artd    : GetBestInfo: /data/user_de/0/com.google.android.gms/app_chimera/m/00000015/dl-MlkitOcrCommon.optional_260235100800.apk has no usable artifacts
02-06 22:11:55.382  2208  2208 I artd    : GetBestInfo: vdex next to the dex file (/data/user/0/com.google.android.gms/app_dg_cache/CF98DA544914DD75038B6CE6DBC852B6C43EC876/oat/x86_64/the.vdex) is kOatUpToDate with filter 'verify' executable 'false'
02-06 22:11:55.383  2208  2208 I artd    : GetBestInfo: /data/user_de/0/com.google.android.gms/app_chimera/m/0000000c/dl-TfliteDynamiteDynamite.integ_252130102100800.apk has no usable artifacts
02-06 22:11:55.383  2208  2208 I artd    : GetBestInfo: /data/user_de/0/com.google.android.gms/app_chimera/m/00000010/dl-Appsearch.optional_260235100800.apk has no usable artifacts
02-06 22:11:55.384  2208  2208 I artd    : GetBestInfo: /data/user_de/0/com.google.android.gms/app_chimera/m/0000000f/dl-PlayCloudSearch.optional_260235100000.apk has no usable artifacts
02-06 22:11:55.385  2208  2208 I artd    : GetBestInfo: /data/user_de/0/com.google.android.gms/app_chimera/m/0000000d/dl-MlkitBarcodeUi.optional_250834100800.apk has no usable artifacts
02-06 22:11:55.385  2208  2208 I artd    : GetBestInfo: vdex next to the dex file (/data/user/0/com.google.android.gms/app_dg_cache/A3CA675C42809307C9989FB51FF5403F49F05332/oat/x86_64/the.vdex) is kOatUpToDate with filter 'verify' executable 'false'
02-06 22:11:55.386  2208  2208 W artd    : Could not get dex checksums for location /data/app/~~V4tzkpr_KUXC_c2VLNTuDg==/com.android.vending-Pf4mo0JraDXwPkjC3ew0bQ==/base.apk, fd=-1
02-06 22:11:55.386  2208  2208 I artd    : GetBestInfo: /data/user_de/0/com.google.android.gms/app_chimera/m/00000014/dl-VisionOcr.optional_260235100000.apk has no usable artifacts
02-06 22:11:56.259  1289  1296 W ssioncontroller: Reducing the number of considered missed Gc histogram windows from 773 to 100
02-06 22:11:56.362   689   794 D ActivityManager: freezing 2501 com.android.vending:background
02-06 22:11:56.431   689   794 D ActivityManager: freezing 2146 com.android.vending
02-06 22:11:56.434   689   851 D InetDiagMessage: Destroyed 0 sockets, proto=IPPROTO_TCP, family=AF_INET, states=14
02-06 22:11:56.435   689   851 D InetDiagMessage: Destroyed 2 sockets, proto=IPPROTO_TCP, family=AF_INET6, states=14
02-06 22:11:56.435   689   851 D InetDiagMessage: Destroyed live tcp sockets for uids={10144} in 1ms
02-06 22:11:56.820   689   794 D ActivityManager: freezing 1694 com.google.android.googlequicksearchbox:search
02-06 22:11:57.280  1057  1219 D SatelliteController: iisInCarrierRoamingNbIotNtn: satellite is disabled
02-06 22:11:58.965   689   909 E ClipboardService: Denying clipboard access to com.android.chrome, application is not in focus nor is it a system service for user 0
02-06 22:11:58.968  1385  1725 I AiAiTranslate: C2T - not in a conversation
02-06 22:11:58.969   946   946 I ClipboardListener: Clipboard overlay suppressed.
02-06 22:12:01.948  1393  1393 D BoundBrokerSvc: onUnbind: Intent { act=com.google.android.gms.feedback.internal.IFeedbackService dat=chimera-action:/... xflg=0x4 cmp=com.google.android.gms/.chimera.GmsBoundBrokerService }
02-06 22:12:03.422  1404  2017 I bbax    : (REDACTED) getHotwordActive::active query: %s, watch: %s, devices connected: %s
02-06 22:12:05.307  8043  8043 W dumpsys : Thread Pool max thread count is 0. Cannot cache binder as linkToDeath cannot be implemented. serviceName: package
02-06 22:12:05.369  2208  2208 I artd    : GetBestInfo: odex next to the dex file (/data/app/~~5KoU0IUjs6dp0xUyjknx5w==/com.google.android.gms-krUQbUdGpM-pPhvIrBuplg==/oat/x86_64/base.odex) is kOatUpToDate with filter 'speed-profile' executable 'false'
02-06 22:12:05.372  2208  2208 I artd    : GetBestInfo: odex next to the dex file (/data/app/~~5KoU0IUjs6dp0xUyjknx5w==/com.google.android.gms-krUQbUdGpM-pPhvIrBuplg==/oat/x86_64/split_AdsDynamite_installtime.odex) is kOatUpToDate with filter 'speed' executable 'false'
02-06 22:12:05.373  2208  2208 I artd    : GetBestInfo: odex next to the dex file (/data/app/~~5KoU0IUjs6dp0xUyjknx5w==/com.google.android.gms-krUQbUdGpM-pPhvIrBuplg==/oat/x86_64/split_CronetDynamite_installtime.odex) is kOatUpToDate with filter 'speed' executable 'false'
02-06 22:12:05.374  2208  2208 I artd    : GetBestInfo: odex next to the dex file (/data/app/~~5KoU0IUjs6dp0xUyjknx5w==/com.google.android.gms-krUQbUdGpM-pPhvIrBuplg==/oat/x86_64/split_DynamiteLoader_installtime.odex) is kOatUpToDate with filter 'speed' executable 'false'
02-06 22:12:05.374  2208  2208 I artd    : GetBestInfo: odex next to the dex file (/data/app/~~5KoU0IUjs6dp0xUyjknx5w==/com.google.android.gms-krUQbUdGpM-pPhvIrBuplg==/oat/x86_64/split_DynamiteModulesA_installtime.odex) is kOatUpToDate with filter 'speed' executable 'false'
02-06 22:12:05.375  2208  2208 I artd    : GetBestInfo: odex next to the dex file (/data/app/~~5KoU0IUjs6dp0xUyjknx5w==/com.google.android.gms-krUQbUdGpM-pPhvIrBuplg==/oat/x86_64/split_DynamiteModulesC_installtime.odex) is kOatUpToDate with filter 'speed' executable 'false'
02-06 22:12:05.376  2208  2208 I artd    : GetBestInfo: odex next to the dex file (/data/app/~~5KoU0IUjs6dp0xUyjknx5w==/com.google.android.gms-krUQbUdGpM-pPhvIrBuplg==/oat/x86_64/split_GoogleCertificates_installtime.odex) is kOatUpToDate with filter 'speed' executable 'false'
02-06 22:12:05.377  2208  2208 I artd    : GetBestInfo: odex next to the dex file (/data/app/~~5KoU0IUjs6dp0xUyjknx5w==/com.google.android.gms-krUQbUdGpM-pPhvIrBuplg==/oat/x86_64/split_MapsDynamite_installtime.odex) is kOatUpToDate with filter 'speed' executable 'false'
02-06 22:12:05.378  2208  2208 I artd    : GetBestInfo: odex next to the dex file (/data/app/~~5KoU0IUjs6dp0xUyjknx5w==/com.google.android.gms-krUQbUdGpM-pPhvIrBuplg==/oat/x86_64/split_MeasurementDynamite_installtime.odex) is kOatUpToDate with filter 'speed' executable 'false'
02-06 22:12:05.379  2208  2208 I artd    : GetBestInfo: odex next to the dex file (/data/app/~~5KoU0IUjs6dp0xUyjknx5w==/com.google.android.gms-krUQbUdGpM-pPhvIrBuplg==/oat/x86_64/split_all_locale_splits.odex) is kOatUpToDate with filter 'speed' executable 'false'
02-06 22:12:05.380  2208  2208 I artd    : GetBestInfo: /data/user_de/0/com.google.android.gms/app_chimera/m/00000013/dl-MlkitBarcodeUi.optional_260235100800.apk has no usable artifacts
02-06 22:12:05.381  2208  2208 I artd    : GetBestInfo: /data/user_de/0/com.google.android.gms/app_chimera/m/00000001/CronetDynamite.apk has no usable artifacts
02-06 22:12:05.382  2208  2208 I artd    : GetBestInfo: /data/user_de/0/com.google.android.gms/app_chimera/m/0000000b/dl-Appsearch.optional_250834100800.apk has no usable artifacts
02-06 22:12:05.382  2208  2208 I artd    : GetBestInfo: /data/user_de/0/com.google.android.gms/app_chimera/m/00000002/DynamiteLoader.apk has no usable artifacts
02-06 22:12:05.382  2208  2208 I artd    : GetBestInfo: /data/user_de/0/com.google.android.gms/app_chimera/m/00000005/GoogleCertificates.apk has no usable artifacts
02-06 22:12:05.383  2208  2208 I artd    : GetBestInfo: /data/user_de/0/com.google.android.gms/app_chimera/m/00000015/dl-MlkitOcrCommon.optional_260235100800.apk has no usable artifacts
02-06 22:12:05.384  2208  2208 I artd    : GetBestInfo: vdex next to the dex file (/data/user/0/com.google.android.gms/app_dg_cache/CF98DA544914DD75038B6CE6DBC852B6C43EC876/oat/x86_64/the.vdex) is kOatUpToDate with filter 'verify' executable 'false'
02-06 22:12:05.384  2208  2208 I artd    : GetBestInfo: /data/user_de/0/com.google.android.gms/app_chimera/m/0000000c/dl-TfliteDynamiteDynamite.integ_252130102100800.apk has no usable artifacts
02-06 22:12:05.385  2208  2208 I artd    : GetBestInfo: /data/user_de/0/com.google.android.gms/app_chimera/m/00000010/dl-Appsearch.optional_260235100800.apk has no usable artifacts
02-06 22:12:05.386  2208  2208 I artd    : GetBestInfo: /data/user_de/0/com.google.android.gms/app_chimera/m/0000000f/dl-PlayCloudSearch.optional_260235100000.apk has no usable artifacts
02-06 22:12:05.386  2208  2208 I artd    : GetBestInfo: /data/user_de/0/com.google.android.gms/app_chimera/m/0000000d/dl-MlkitBarcodeUi.optional_250834100800.apk has no usable artifacts
02-06 22:12:05.387  2208  2208 I artd    : GetBestInfo: vdex next to the dex file (/data/user/0/com.google.android.gms/app_dg_cache/A3CA675C42809307C9989FB51FF5403F49F05332/oat/x86_64/the.vdex) is kOatUpToDate with filter 'verify' executable 'false'
02-06 22:12:05.387  2208  2208 W artd    : Could not get dex checksums for location /data/app/~~V4tzkpr_KUXC_c2VLNTuDg==/com.android.vending-Pf4mo0JraDXwPkjC3ew0bQ==/base.apk, fd=-1
02-06 22:12:05.388  2208  2208 I artd    : GetBestInfo: /data/user_de/0/com.google.android.gms/app_chimera/m/00000014/dl-VisionOcr.optional_260235100000.apk has no usable artifacts
02-06 22:12:06.236   689   794 D ActivityManager: freezing 1289 com.google.android.permissioncontroller
02-06 22:12:06.238   689   851 D InetDiagMessage: Destroyed 0 sockets, proto=IPPROTO_TCP, family=AF_INET, states=14
02-06 22:12:06.238   689   851 D InetDiagMessage: Destroyed 0 sockets, proto=IPPROTO_TCP, family=AF_INET6, states=14
02-06 22:12:06.238   689   851 D InetDiagMessage: Destroyed live tcp sockets for uids={10216} in 1ms
02-06 22:12:07.279  1057  1219 D SatelliteController: iisInCarrierRoamingNbIotNtn: satellite is disabled
02-06 22:12:07.693   607   607 I AttributionAndPermissionUtils: checkPermission checkPermission (forDataDelivery 0 startDataDelivery 0): Permission soft denied for client attribution [uid 10187, pid 946, packageName "<unknown>"]
02-06 22:12:07.694   607   607 I AttributionAndPermissionUtils: checkPermission checkPermission (forDataDelivery 0 startDataDelivery 0): Permission soft denied for client attribution [uid 10187, pid 946, packageName "<unknown>"]
02-06 22:12:07.701   946  1130 D ControlsListingControllerImpl: Subscribing callback, service count: 0
02-06 22:12:07.703   946  1130 D ControlsListingControllerImpl: Unsubscribing callback
02-06 22:12:08.700   946  1130 I QuickAccessWalletTile: QAW service is unavailable, recreating the wallet client.
02-06 22:12:12.000   689   794 D ActivityManager: freezing 1393 com.google.android.gms
02-06 22:12:12.122   689   787 D ActivityManager: sync unfroze 2146 com.android.vending for 6
02-06 22:12:12.133   689  1939 W ProcessStats: Tracking association SourceState{73b6815 system/1000 ImpBg #3654} whose proc state 6 is better than process ProcessState{cab337a com.android.vending/10144 pkg=com.android.vending} proc state 14 (7 skipped)
02-06 22:12:12.133  2146  2357 I Finsky  : [51] Current account updated in PVS
02-06 22:12:12.134  2146  2352 I Finsky  : [49] Current account updated in PVS
02-06 22:12:12.134  2146  2146 I Finsky  : [2] SCH: job service start with id 9048.
02-06 22:12:12.134  2146  2352 I Finsky  : [49] Current account updated in PVS
02-06 22:12:12.134  2146  2352 I Finsky  : [49] Current account updated in PVS
02-06 22:12:12.144  2146  7939 I Finsky  : [242] SCH: Satisfied jobs for 9048 are: 12-1
02-06 22:12:12.145  2146  2349 I Finsky  : [46] Current account updated in PVS
02-06 22:12:12.145  2146  8046 I Finsky  : [248] SCH: Job 12-1 starting
02-06 22:12:12.146  2146  2349 I Finsky  : [46] Current account updated in PVS
02-06 22:12:12.146  2146  2349 I Finsky  : [46] Current account updated in PVS
02-06 22:12:12.146  2146  2146 I Finsky  : [2] WM::SCH: Logging work start for 12-1
02-06 22:12:12.148  2146  2349 I Finsky  : [46] Current account updated in PVS
02-06 22:12:12.148  2146  2357 I Finsky  : [51] Current account updated in PVS
02-06 22:12:12.149  2146  2357 I Finsky  : [51] Current account updated in PVS
02-06 22:12:12.149  2146  2357 I Finsky  : [51] Current account updated in PVS
02-06 22:12:12.149  2146  2146 I Finsky  : [2] [ContentSync] job started
02-06 22:12:12.150  2146  2353 I Finsky  : [50] Current account updated in PVS
02-06 22:12:12.150  2146  2353 I Finsky  : [50] Current account updated in PVS
02-06 22:12:12.150  2146  2353 I Finsky  : [50] Current account updated in PVS
02-06 22:12:12.150  2146  2349 I Finsky  : [46] Current account updated in PVS
02-06 22:12:12.150  2146  2349 I Finsky  : [46] Current account updated in PVS
02-06 22:12:12.152  2146  2349 I Finsky  : [46] Current account updated in PVS
02-06 22:12:12.188  2146  2150 W android.vending: Missing inline cache for java.lang.Object ppo.apply(java.lang.Object)
02-06 22:12:12.188  2146  2150 W android.vending: Missing inline cache for java.lang.Object ppo.apply(java.lang.Object)
02-06 22:12:12.188  2146  2150 W android.vending: Missing inline cache for java.lang.Object ppo.apply(java.lang.Object)
02-06 22:12:12.188  2146  2150 W android.vending: Missing inline cache for java.lang.Object ppo.apply(java.lang.Object)
02-06 22:12:12.188  2146  2150 W android.vending: Missing inline cache for java.lang.Object ppo.apply(java.lang.Object)
02-06 22:12:12.188  2146  2150 W android.vending: Missing inline cache for java.lang.Object ppo.apply(java.lang.Object)
02-06 22:12:12.210  2146  2247 I android.vending: Waiting for a blocking GC ProfileSaver
02-06 22:12:12.212  2146  8047 I Finsky  : [249] App states replicator found 6 unowned apps
02-06 22:12:12.214  2146  2353 I Finsky  : [50] Current account updated in PVS
02-06 22:12:12.217  2146  2357 I Finsky  : [51] Current account updated in PVS
02-06 22:12:12.217  2146  2416 I Finsky  : [61] Completed 0 account content syncs with 0 successful.
02-06 22:12:12.217  2146  2146 I Finsky  : [2] [ContentSync] Installation state replication succeeded.
02-06 22:12:12.217  2146  2146 I Finsky  : [2] SCH: jobFinished: 12-1. TimeElapsed: 70ms.
02-06 22:12:12.217  2146  2146 I Finsky  : [2] WM::SCH: Logging work end for 12-1
02-06 22:12:12.218  2146  2352 I Finsky  : [49] Current account updated in PVS
02-06 22:12:12.218  2146  2352 I Finsky  : [49] Current account updated in PVS
02-06 22:12:12.221  2146  2357 I Finsky  : [51] Current account updated in PVS
02-06 22:12:12.222  2146  2357 I Finsky  : [51] Current account updated in PVS
02-06 22:12:12.235  2146  2357 I Finsky  : [51] Current account updated in PVS
02-06 22:12:12.235  2146  2357 I Finsky  : [51] Current account updated in PVS
02-06 22:12:12.236  2146  2357 I Finsky  : [51] Current account updated in PVS
02-06 22:12:12.236  2146  2357 I Finsky  : [51] Current account updated in PVS
02-06 22:12:12.238  2146  2353 I Finsky  : [50] Current account updated in PVS
02-06 22:12:12.238  2146  2357 I Finsky  : [51] Current account updated in PVS
02-06 22:12:12.240  2146  2247 I android.vending: WaitForGcToComplete blocked ProfileSaver on Background for 29.727ms
02-06 22:12:12.241  2146  2417 I Finsky  : [62] SCH: Scheduling phonesky job Id: 1-1337, CT: 1770407400498, Constraints: [{ L: 34117375, D: 77317375, C: CHARGING_NONE, I: IDLE_NONE, N: NET_ANY, B: BATTERY_ANY }]
02-06 22:12:12.249  2146  2384 I Finsky  : [52] SCH: Scheduling 1 system job(s)
02-06 22:12:12.249  2146  2384 I Finsky  : [52] SCH: Scheduling system job Id: 9051, L: 25585624, D: 68785624, C: false, I: false, N: 1
02-06 22:12:12.258  2146  8046 I Finsky  : [248] SCH: job service finished with id 9048.
02-06 22:12:12.267  2146  2146 I Finsky  : [2] Memory trim requested to level 40
02-06 22:12:12.267  2146  2146 I Finsky  : [2] Flushing in-memory image cache
02-06 22:12:12.267  2146  2349 I Finsky  : [46] Current account updated in PVS
02-06 22:12:12.288   689   909 D androidtc: Initializing SystemTextClassifier, type = System
02-06 22:12:12.289   689   909 E ClipboardService: Denying clipboard access to com.android.chrome, application is not in focus nor is it a system service for user 0
02-06 22:12:12.289  1385  1385 I AiAiTextClassifier: onCreateTextClassificationSession = TextClassificationSessionId {b12116dd-228f-4684-8797-ea0c56538b82}
02-06 22:12:12.292  1385  1725 I AiAiTranslate: C2T - not in a conversation
02-06 22:12:12.293   946   946 I ClipboardListener: Clipboard overlay suppressed.
02-06 22:12:12.295  1385  1755 I AiAiTextClassifier: GenerateLinks did not find valid links, returning empty result
02-06 22:12:12.297   689   910 E ClipboardService: Denying clipboard access to com.android.chrome, application is not in focus nor is it a system service for user 0
02-06 22:12:12.298  1385  1755 I AiAiTextClassifier: GenerateLinks did not find valid links, returning empty result
02-06 22:12:12.302   946   946 I ClipboardListener: Clipboard overlay suppressed.
02-06 22:12:15.312  8054  8054 W dumpsys : Thread Pool max thread count is 0. Cannot cache binder as linkToDeath cannot be implemented. serviceName: package
02-06 22:12:15.380  2208  2210 I artd    : GetBestInfo: odex next to the dex file (/data/app/~~5KoU0IUjs6dp0xUyjknx5w==/com.google.android.gms-krUQbUdGpM-pPhvIrBuplg==/oat/x86_64/base.odex) is kOatUpToDate with filter 'speed-profile' executable 'false'
02-06 22:12:15.382  2208  2210 I artd    : GetBestInfo: odex next to the dex file (/data/app/~~5KoU0IUjs6dp0xUyjknx5w==/com.google.android.gms-krUQbUdGpM-pPhvIrBuplg==/oat/x86_64/split_AdsDynamite_installtime.odex) is kOatUpToDate with filter 'speed' executable 'false'
02-06 22:12:15.382  2208  2210 I artd    : GetBestInfo: odex next to the dex file (/data/app/~~5KoU0IUjs6dp0xUyjknx5w==/com.google.android.gms-krUQbUdGpM-pPhvIrBuplg==/oat/x86_64/split_CronetDynamite_installtime.odex) is kOatUpToDate with filter 'speed' executable 'false'
02-06 22:12:15.384  2208  2210 I artd    : GetBestInfo: odex next to the dex file (/data/app/~~5KoU0IUjs6dp0xUyjknx5w==/com.google.android.gms-krUQbUdGpM-pPhvIrBuplg==/oat/x86_64/split_DynamiteLoader_installtime.odex) is kOatUpToDate with filter 'speed' executable 'false'
02-06 22:12:15.384  2208  2210 I artd    : GetBestInfo: odex next to the dex file (/data/app/~~5KoU0IUjs6dp0xUyjknx5w==/com.google.android.gms-krUQbUdGpM-pPhvIrBuplg==/oat/x86_64/split_DynamiteModulesA_installtime.odex) is kOatUpToDate with filter 'speed' executable 'false'
02-06 22:12:15.388  2208  2210 I artd    : GetBestInfo: odex next to the dex file (/data/app/~~5KoU0IUjs6dp0xUyjknx5w==/com.google.android.gms-krUQbUdGpM-pPhvIrBuplg==/oat/x86_64/split_DynamiteModulesC_installtime.odex) is kOatUpToDate with filter 'speed' executable 'false'
02-06 22:12:15.389  2208  2210 I artd    : GetBestInfo: odex next to the dex file (/data/app/~~5KoU0IUjs6dp0xUyjknx5w==/com.google.android.gms-krUQbUdGpM-pPhvIrBuplg==/oat/x86_64/split_GoogleCertificates_installtime.odex) is kOatUpToDate with filter 'speed' executable 'false'
02-06 22:12:15.390  2208  2210 I artd    : GetBestInfo: odex next to the dex file (/data/app/~~5KoU0IUjs6dp0xUyjknx5w==/com.google.android.gms-krUQbUdGpM-pPhvIrBuplg==/oat/x86_64/split_MapsDynamite_installtime.odex) is kOatUpToDate with filter 'speed' executable 'false'
02-06 22:12:15.391  2208  2210 I artd    : GetBestInfo: odex next to the dex file (/data/app/~~5KoU0IUjs6dp0xUyjknx5w==/com.google.android.gms-krUQbUdGpM-pPhvIrBuplg==/oat/x86_64/split_MeasurementDynamite_installtime.odex) is kOatUpToDate with filter 'speed' executable 'false'
02-06 22:12:15.392  2208  2210 I artd    : GetBestInfo: odex next to the dex file (/data/app/~~5KoU0IUjs6dp0xUyjknx5w==/com.google.android.gms-krUQbUdGpM-pPhvIrBuplg==/oat/x86_64/split_all_locale_splits.odex) is kOatUpToDate with filter 'speed' executable 'false'
02-06 22:12:15.394  2208  2210 I artd    : GetBestInfo: /data/user_de/0/com.google.android.gms/app_chimera/m/00000013/dl-MlkitBarcodeUi.optional_260235100800.apk has no usable artifacts
02-06 22:12:15.394  2208  2210 I artd    : GetBestInfo: /data/user_de/0/com.google.android.gms/app_chimera/m/00000001/CronetDynamite.apk has no usable artifacts
02-06 22:12:15.395  2208  2210 I artd    : GetBestInfo: /data/user_de/0/com.google.android.gms/app_chimera/m/0000000b/dl-Appsearch.optional_250834100800.apk has no usable artifacts
02-06 22:12:15.396  2208  2210 I artd    : GetBestInfo: /data/user_de/0/com.google.android.gms/app_chimera/m/00000002/DynamiteLoader.apk has no usable artifacts
02-06 22:12:15.397  2208  2210 I artd    : GetBestInfo: /data/user_de/0/com.google.android.gms/app_chimera/m/00000005/GoogleCertificates.apk has no usable artifacts
02-06 22:12:15.398  2208  2210 I artd    : GetBestInfo: /data/user_de/0/com.google.android.gms/app_chimera/m/00000015/dl-MlkitOcrCommon.optional_260235100800.apk has no usable artifacts
02-06 22:12:15.400  2208  2210 I artd    : GetBestInfo: vdex next to the dex file (/data/user/0/com.google.android.gms/app_dg_cache/CF98DA544914DD75038B6CE6DBC852B6C43EC876/oat/x86_64/the.vdex) is kOatUpToDate with filter 'verify' executable 'false'
02-06 22:12:15.402  2208  2208 I artd    : GetBestInfo: /data/user_de/0/com.google.android.gms/app_chimera/m/0000000c/dl-TfliteDynamiteDynamite.integ_252130102100800.apk has no usable artifacts
02-06 22:12:15.403  2208  2208 I artd    : GetBestInfo: /data/user_de/0/com.google.android.gms/app_chimera/m/00000010/dl-Appsearch.optional_260235100800.apk has no usable artifacts
02-06 22:12:15.404  2208  2208 I artd    : GetBestInfo: /data/user_de/0/com.google.android.gms/app_chimera/m/0000000f/dl-PlayCloudSearch.optional_260235100000.apk has no usable artifacts
02-06 22:12:15.405  2208  2208 I artd    : GetBestInfo: /data/user_de/0/com.google.android.gms/app_chimera/m/0000000d/dl-MlkitBarcodeUi.optional_250834100800.apk has no usable artifacts
02-06 22:12:15.406  2208  2208 I artd    : GetBestInfo: vdex next to the dex file (/data/user/0/com.google.android.gms/app_dg_cache/A3CA675C42809307C9989FB51FF5403F49F05332/oat/x86_64/the.vdex) is kOatUpToDate with filter 'verify' executable 'false'
02-06 22:12:15.407  2208  2208 W artd    : Could not get dex checksums for location /data/app/~~V4tzkpr_KUXC_c2VLNTuDg==/com.android.vending-Pf4mo0JraDXwPkjC3ew0bQ==/base.apk, fd=-1
02-06 22:12:15.409  2208  2208 I artd    : GetBestInfo: /data/user_de/0/com.google.android.gms/app_chimera/m/00000014/dl-VisionOcr.optional_260235100000.apk has no usable artifacts
02-06 22:12:17.280  1057  1219 D SatelliteController: iisInCarrierRoamingNbIotNtn: satellite is disabled
